Component: ARM Compiler 5.06 update 6 (build 750) Tool: armlink [4d35ed]

==============================================================================

Section Cross References

    startup_stm32f103xb.o(RESET) refers to startup_stm32f103xb.o(STACK) for __initial_sp
    startup_stm32f103xb.o(RESET) refers to startup_stm32f103xb.o(.text) for Reset_Handler
    startup_stm32f103xb.o(RESET) refers to stm32f1xx_it.o(i.NMI_Handler) for NMI_Handler
    startup_stm32f103xb.o(RESET) refers to stm32f1xx_it.o(i.HardFault_Handler) for HardFault_Handler
    startup_stm32f103xb.o(RESET) refers to stm32f1xx_it.o(i.MemManage_Handler) for MemManage_Handler
    startup_stm32f103xb.o(RESET) refers to stm32f1xx_it.o(i.BusFault_Handler) for BusFault_Handler
    startup_stm32f103xb.o(RESET) refers to stm32f1xx_it.o(i.UsageFault_Handler) for UsageFault_Handler
    startup_stm32f103xb.o(RESET) refers to stm32f1xx_it.o(i.SVC_Handler) for SVC_Handler
    startup_stm32f103xb.o(RESET) refers to stm32f1xx_it.o(i.DebugMon_Handler) for DebugMon_Handler
    startup_stm32f103xb.o(RESET) refers to stm32f1xx_it.o(i.PendSV_Handler) for PendSV_Handler
    startup_stm32f103xb.o(RESET) refers to stm32f1xx_it.o(i.SysTick_Handler) for SysTick_Handler
    startup_stm32f103xb.o(RESET) refers to stm32f1xx_it.o(i.USB_LP_CAN1_RX0_IRQHandler) for USB_LP_CAN1_RX0_IRQHandler
    startup_stm32f103xb.o(.text) refers to system_stm32f1xx.o(i.SystemInit) for SystemInit
    startup_stm32f103xb.o(.text) refers to entry.o(.ARM.Collect$$$$00000000) for __main
    kbd_func.o(i.KBD_USB_SEND) refers to usbd_hid.o(i.USBD_HID_SendReport) for USBD_HID_SendReport
    kbd_func.o(i.KBD_USB_SEND) refers to usb_device.o(.bss) for hUsbDeviceFS
    kbd_func.o(i.pinDown) refers to stm32f1xx_hal_gpio.o(i.HAL_GPIO_WritePin) for HAL_GPIO_WritePin
    kbd_func.o(i.pinRead) refers to stm32f1xx_hal_gpio.o(i.HAL_GPIO_ReadPin) for HAL_GPIO_ReadPin
    kbd_func.o(i.pinUp) refers to stm32f1xx_hal_gpio.o(i.HAL_GPIO_WritePin) for HAL_GPIO_WritePin
    kbd_report.o(i.KBD_REPORT_INIT) refers to printf1.o(i.__0printf$1) for __2printf
    kbd_report.o(i.KBD_REPORT_INIT) refers to kbd_report.o(.data) for .data
    kbd_report.o(i.KBD_REPORT_MAIN) refers to kbd_report.o(i.KBD_REPORT_MAKE) for KBD_REPORT_MAKE
    kbd_report.o(i.KBD_REPORT_MAKE) refers to kbd_serial.o(i.report_map) for report_map
    kbd_report.o(i.KBD_REPORT_MAKE) refers to kbd_serial.o(i.report_keyword) for report_keyword
    kbd_report.o(i.KBD_REPORT_MAKE) refers to kbd_scan.o(.data) for ans
    kbd_report.o(i.KBD_REPORT_MAKE) refers to kbd_report.o(.data) for .data
    kbd_report.o(i.KBD_REPORT_MAKE) refers to kbd_info.o(.data) for kbd_map_keyword_skey
    kbd_report.o(i.KBD_REPORT_MAKE) refers to kbd_info.o(.data) for kbd_map_keyword_akey
    kbd_scan.o(i.KBD_SCAN_AKEY) refers to kbd_func.o(i.pinUp) for pinUp
    kbd_scan.o(i.KBD_SCAN_AKEY) refers to kbd_func.o(i.pinRead) for pinRead
    kbd_scan.o(i.KBD_SCAN_AKEY) refers to printf1.o(i.__0printf$1) for __2printf
    kbd_scan.o(i.KBD_SCAN_AKEY) refers to kbd_func.o(i.pinDown) for pinDown
    kbd_scan.o(i.KBD_SCAN_AKEY) refers to kbd_scan.o(.data) for .data
    kbd_scan.o(i.KBD_SCAN_AKEY) refers to kbd_info.o(.data) for kbd_map_akey
    kbd_scan.o(i.KBD_SCAN_AKEY) refers to kbd_info.o(.data) for map_key_phy
    kbd_scan.o(i.KBD_SCAN_ANS) refers to printf1.o(i.__0printf$1) for __2printf
    kbd_scan.o(i.KBD_SCAN_ANS) refers to kbd_scan.o(i.KBD_SCAN_ANS_REINIT) for KBD_SCAN_ANS_REINIT
    kbd_scan.o(i.KBD_SCAN_ANS) refers to kbd_scan.o(.data) for .data
    kbd_scan.o(i.KBD_SCAN_ANS_INIT) refers to printf1.o(i.__0printf$1) for __2printf
    kbd_scan.o(i.KBD_SCAN_ANS_INIT) refers to kbd_scan.o(.bss) for .bss
    kbd_scan.o(i.KBD_SCAN_ANS_INIT) refers to kbd_scan.o(.data) for .data
    kbd_scan.o(i.KBD_SCAN_ANS_REINIT) refers to kbd_scan.o(.data) for .data
    kbd_scan.o(i.KBD_SCAN_FKEY) refers to kbd_func.o(i.pinUp) for pinUp
    kbd_scan.o(i.KBD_SCAN_FKEY) refers to kbd_func.o(i.pinRead) for pinRead
    kbd_scan.o(i.KBD_SCAN_FKEY) refers to printf1.o(i.__0printf$1) for __2printf
    kbd_scan.o(i.KBD_SCAN_FKEY) refers to kbd_func.o(i.pinDown) for pinDown
    kbd_scan.o(i.KBD_SCAN_FKEY) refers to kbd_scan.o(.data) for .data
    kbd_scan.o(i.KBD_SCAN_FKEY) refers to kbd_info.o(.data) for map_key_phy
    kbd_scan.o(i.KBD_SCAN_FKEY) refers to kbd_info.o(.data) for kbd_map_fkey
    kbd_scan.o(i.KBD_SCAN_MAIN) refers to kbd_scan.o(i.KBD_SCAN_ANS) for KBD_SCAN_ANS
    kbd_scan.o(i.KBD_SCAN_MAIN) refers to kbd_scan.o(i.KBD_SCAN_FKEY) for KBD_SCAN_FKEY
    kbd_scan.o(i.KBD_SCAN_MAIN) refers to kbd_scan.o(i.KBD_SCAN_SKEY) for KBD_SCAN_SKEY
    kbd_scan.o(i.KBD_SCAN_MAIN) refers to kbd_scan.o(i.KBD_SCAN_AKEY) for KBD_SCAN_AKEY
    kbd_scan.o(i.KBD_SCAN_MAIN) refers to kbd_scan.o(i.KBD_SCAN_RMJ) for KBD_SCAN_RMJ
    kbd_scan.o(i.KBD_SCAN_MAIN) refers to kbd_report.o(i.KBD_REPORT_MAKE) for KBD_REPORT_MAKE
[...]
    ../clib/microlib/string/memset.c         0x00000000   Number         0  memseta.o ABSOLUTE
    ../clib/microlib/stubs.s                 0x00000000   Number         0  iusefp.o ABSOLUTE
    ../fplib/microlib/fpadd.c                0x00000000   Number         0  dadd.o ABSOLUTE
    ../fplib/microlib/fpdiv.c                0x00000000   Number         0  ddiv.o ABSOLUTE
    ../fplib/microlib/fpepilogue.c           0x00000000   Number         0  depilogue.o ABSOLUTE
    ../fplib/microlib/fpfix.c                0x00000000   Number         0  dfixul.o ABSOLUTE
    ../fplib/microlib/fpmul.c                0x00000000   Number         0  dmul.o ABSOLUTE
    ..\Drivers\STM32F1xx_HAL_Driver\Src\stm32f1xx_hal.c 0x00000000   Number         0  stm32f1xx_hal.o ABSOLUTE
    ..\Drivers\STM32F1xx_HAL_Driver\Src\stm32f1xx_hal_cortex.c 0x00000000   Number         0  stm32f1xx_hal_cortex.o ABSOLUTE
    ..\Drivers\STM32F1xx_HAL_Driver\Src\stm32f1xx_hal_dma.c 0x00000000   Number         0  stm32f1xx_hal_dma.o ABSOLUTE
    ..\Drivers\STM32F1xx_HAL_Driver\Src\stm32f1xx_hal_exti.c 0x00000000   Number         0  stm32f1xx_hal_exti.o ABSOLUTE
    ..\Drivers\STM32F1xx_HAL_Driver\Src\stm32f1xx_hal_flash.c 0x00000000   Number         0  stm32f1xx_hal_flash.o ABSOLUTE
    ..\Drivers\STM32F1xx_HAL_Driver\Src\stm32f1xx_hal_flash_ex.c 0x00000000   Number         0  stm32f1xx_hal_flash_ex.o ABSOLUTE
    ..\Drivers\STM32F1xx_HAL_Driver\Src\stm32f1xx_hal_gpio.c 0x00000000   Number         0  stm32f1xx_hal_gpio.o ABSOLUTE
    ..\Drivers\STM32F1xx_HAL_Driver\Src\stm32f1xx_hal_gpio_ex.c 0x00000000   Number         0  stm32f1xx_hal_gpio_ex.o ABSOLUTE
    ..\Drivers\STM32F1xx_HAL_Driver\Src\stm32f1xx_hal_pcd.c 0x00000000   Number         0  stm32f1xx_hal_pcd.o ABSOLUTE
    ..\Drivers\STM32F1xx_HAL_Driver\Src\stm32f1xx_hal_pcd_ex.c 0x00000000   Number         0  stm32f1xx_hal_pcd_ex.o ABSOLUTE
    ..\Drivers\STM32F1xx_HAL_Driver\Src\stm32f1xx_hal_pwr.c 0x00000000   Number         0  stm32f1xx_hal_pwr.o ABSOLUTE
    ..\Drivers\STM32F1xx_HAL_Driver\Src\stm32f1xx_hal_rcc.c 0x00000000   Number         0  stm32f1xx_hal_rcc.o ABSOLUTE
    ..\Drivers\STM32F1xx_HAL_Driver\Src\stm32f1xx_hal_rcc_ex.c 0x00000000   Number         0  stm32f1xx_hal_rcc_ex.o ABSOLUTE
    ..\Drivers\STM32F1xx_HAL_Driver\Src\stm32f1xx_hal_tim.c 0x00000000   Number         0  stm32f1xx_hal_tim.o ABSOLUTE
    ..\Drivers\STM32F1xx_HAL_Driver\Src\stm32f1xx_hal_tim_ex.c 0x00000000   Number         0  stm32f1xx_hal_tim_ex.o ABSOLUTE
    ..\Drivers\STM32F1xx_HAL_Driver\Src\stm32f1xx_hal_uart.c 0x00000000   Number         0  stm32f1xx_hal_uart.o ABSOLUTE
    ..\Drivers\STM32F1xx_HAL_Driver\Src\stm32f1xx_ll_usb.c 0x00000000   Number         0  stm32f1xx_ll_usb.o ABSOLUTE
    ..\Middlewares\ST\STM32_USB_Device_Library\Class\HID\Src\usbd_hid.c 0x00000000   Number         0  usbd_hid.o ABSOLUTE
    ..\Middlewares\ST\STM32_USB_Device_Library\Core\Src\usbd_core.c 0x00000000   Number         0  usbd_core.o ABSOLUTE
    ..\Middlewares\ST\STM32_USB_Device_Library\Core\Src\usbd_ctlreq.c 0x00000000   Number         0  usbd_ctlreq.o ABSOLUTE
    ..\Middlewares\ST\STM32_USB_Device_Library\Core\Src\usbd_ioreq.c 0x00000000   Number         0  usbd_ioreq.o ABSOLUTE
    ..\Src\gpio.c                            0x00000000   Number         0  gpio.o ABSOLUTE
    ..\Src\kbd_func.c                        0x00000000   Number         0  kbd_func.o ABSOLUTE
    ..\Src\kbd_info.c                        0x00000000   Number         0  kbd_info.o ABSOLUTE
    ..\Src\kbd_report.c                      0x00000000   Number         0  kbd_report.o ABSOLUTE
    ..\Src\kbd_scan.c                        0x00000000   Number         0  kbd_scan.o ABSOLUTE
    ..\Src\kbd_serial.c                      0x00000000   Number         0  kbd_serial.o ABSOLUTE
    ..\Src\kbd_tim.c                         0x00000000   Number         0  kbd_tim.o ABSOLUTE
    ..\Src\kbd_usb.c                         0x00000000   Number         0  kbd_usb.o ABSOLUTE
    ..\Src\main.c                            0x00000000   Number         0  main.o ABSOLUTE
    ..\Src\stm32f1xx_hal_msp.c               0x00000000   Number         0  stm32f1xx_hal_msp.o ABSOLUTE
    ..\Src\stm32f1xx_it.c                    0x00000000   Number         0  stm32f1xx_it.o ABSOLUTE
    ..\Src\system_stm32f1xx.c                0x00000000   Number         0  system_stm32f1xx.o ABSOLUTE
    ..\Src\tim.c                             0x00000000   Number         0  tim.o ABSOLUTE
    ..\Src\usart.c                           0x00000000   Number         0  usart.o ABSOLUTE
    ..\Src\usb_device.c                      0x00000000   Number         0  usb_device.o ABSOLUTE
    ..\Src\usbd_conf.c                       0x00000000   Number         0  usbd_conf.o ABSOLUTE
    ..\Src\usbd_desc.c                       0x00000000   Number         0  usbd_desc.o ABSOLUTE
    ..\\Src\\kbd_func.c                      0x00000000   Number         0  kbd_func.o ABSOLUTE
    ..\\Src\\kbd_info.c                      0x00000000   Number         0  kbd_info.o ABSOLUTE
    ..\\Src\\kbd_report.c                    0x00000000   Number         0  kbd_report.o ABSOLUTE
    ..\\Src\\kbd_scan.c                      0x00000000   Number         0  kbd_scan.o ABSOLUTE
    ..\\Src\\kbd_serial.c                    0x00000000   Number         0  kbd_serial.o ABSOLUTE
    ..\\Src\\kbd_tim.c                       0x00000000   Number         0  kbd_tim.o ABSOLUTE
    ..\\Src\\kbd_usb.c                       0x00000000   Number         0  kbd_usb.o ABSOLUTE
    cdrcmple.s                               0x00000000   Number         0  cdrcmple.o ABSOLUTE
    dc.s                                     0x00000000   Number         0  dc.o ABSOLUTE
    handlers.s                               0x00000000   Number         0  handlers.o ABSOLUTE
    init.s                                   0x00000000   Number         0  init.o ABSOLUTE
    startup_stm32f103xb.s                    0x00000000   Number         0  startup_stm32f103xb.o ABSOLUTE
    RESET                                    0x08000000   Section      236  startup_stm32f103xb.o(RESET)
    .ARM.Collect$$$$00000000                 0x080000ec   Section        0  entry.o(.ARM.Collect$$$$00000000)
    .ARM.Collect$$$$00000001                 0x080000ec   Section        4  entry2.o(.ARM.Collect$$$$00000001)
    .ARM.Collect$$$$00000004                 0x080000f0   Section        4  entry5.o(.ARM.Collect$$$$00000004)
    .ARM.Collect$$$$00000008                 0x080000f4   Section        0  entry7b.o(.ARM.Collect$$$$00000008)
    .ARM.Collect$$$$0000000A                 0x080000f4   Section        0  entry8b.o(.ARM.Collect$$$$0000000A)
    .ARM.Collect$$$$0000000B                 0x080000f4   Section        8  entry9a.o(.ARM.Collect$$$$0000000B)
    .ARM.Collect$$$$0000000D                 0x080000fc   Section        0  entry10a.o(.ARM.Collect$$$$0000000D)
    .ARM.Collect$$$$0000000F                 0x080000fc   Section        0  entry11a.o(.ARM.Collect$$$$0000000F)
    .ARM.Collect$$$$00002712                 0x080000fc   Section        4  entry2.o(.ARM.Collect$$$$00002712)
    __lit__00000000                          0x080000fc   Data           4  entry2.o(.ARM.Collect$$$$00002712)
    .text                                    0x08000100   Section       36  startup_stm32f103xb.o(.text)
    .text                                    0x08000124   Section        0  memcpya.o(.text)
    .text                                    0x08000148   Section        0  memseta.o(.text)
    .text                                    0x0800016c   Section        0  uidiv.o(.text)
    .text                                    0x08000198   Section       36  init.o(.text)
    .text                                    0x080001bc   Section        0  __dczerorl2.o(.text)
    i.BusFault_Handler                       0x08000212   Section        0  stm32f1xx_it.o(i.BusFault_Handler)
    i.DebugMon_Handler                       0x08000214   Section        0  stm32f1xx_it.o(i.DebugMon_Handler)
    i.Error_Handler                          0x08000216   Section        0  main.o(i.Error_Handler)
    i.HAL_Delay                              0x08000218   Section        0  stm32f1xx_hal.o(i.HAL_Delay)
    i.HAL_GPIO_Init                          0x0800023c   Section        0  stm32f1xx_hal_gpio.o(i.HAL_GPIO_Init)
    i.HAL_GPIO_ReadPin                       0x0800041c   Section        0  stm32f1xx_hal_gpio.o(i.HAL_GPIO_ReadPin)
    i.HAL_GPIO_WritePin                      0x08000426   Section        0  stm32f1xx_hal_gpio.o(i.HAL_GPIO_WritePin)
    i.HAL_GetTick                            0x08000430   Section        0  stm32f1xx_hal.o(i.HAL_GetTick)
    i.HAL_IncTick                            0x0800043c   Section        0  stm32f1xx_hal.o(i.HAL_IncTick)
    i.HAL_Init                               0x0800044c   Section        0  stm32f1xx_hal.o(i.HAL_Init)
    i.HAL_InitTick                           0x08000470   Section        0  stm32f1xx_hal.o(i.HAL_InitTick)
    i.HAL_MspInit                            0x080004b0   Section        0  stm32f1xx_hal_msp.o(i.HAL_MspInit)
    i.HAL_NVIC_EnableIRQ                     0x080004ec   Section        0  stm32f1xx_hal_cortex.o(i.HAL_NVIC_EnableIRQ)
    i.HAL_NVIC_SetPriority                   0x08000508   Section        0  stm32f1xx_hal_cortex.o(i.HAL_NVIC_SetPriority)
    i.HAL_NVIC_SetPriorityGrouping           0x08000548   Section        0  stm32f1xx_hal_cortex.o(i.HAL_NVIC_SetPriorityGrouping)
    i.HAL_PCDEx_PMAConfig                    0x0800056c   Section        0  stm32f1xx_hal_pcd_ex.o(i.HAL_PCDEx_PMAConfig)
    i.HAL_PCDEx_SetConnectionState           0x080005a0   Section        0  usbd_conf.o(i.HAL_PCDEx_SetConnectionState)
    i.HAL_PCD_DataInStageCallback            0x080005a2   Section        0  usbd_conf.o(i.HAL_PCD_DataInStageCallback)
    i.HAL_PCD_DataOutStageCallback           0x080005b0   Section        0  usbd_conf.o(i.HAL_PCD_DataOutStageCallback)
    i.HAL_PCD_EP_Close                       0x080005c0   Section        0  stm32f1xx_hal_pcd.o(i.HAL_PCD_EP_Close)
    i.HAL_PCD_EP_ClrStall                    0x08000608   Section        0  stm32f1xx_hal_pcd.o(i.HAL_PCD_EP_ClrStall)
    i.HAL_PCD_EP_Open                        0x08000660   Section        0  stm32f1xx_hal_pcd.o(i.HAL_PCD_EP_Open)
    i.HAL_PCD_EP_Receive                     0x080006bc   Section        0  stm32f1xx_hal_pcd.o(i.HAL_PCD_EP_Receive)
    i.HAL_PCD_EP_SetStall                    0x080006ea   Section        0  stm32f1xx_hal_pcd.o(i.HAL_PCD_EP_SetStall)
    i.HAL_PCD_EP_Transmit                    0x08000754   Section        0  stm32f1xx_hal_pcd.o(i.HAL_PCD_EP_Transmit)
    i.HAL_PCD_IRQHandler                     0x0800077e   Section        0  stm32f1xx_hal_pcd.o(i.HAL_PCD_IRQHandler)
    i.HAL_PCD_Init                           0x08000894   Section        0  stm32f1xx_hal_pcd.o(i.HAL_PCD_Init)
    i.HAL_PCD_MspInit                        0x08000968   Section        0  usbd_conf.o(i.HAL_PCD_MspInit)
    i.HAL_PCD_ResetCallback                  0x080009a4   Section        0  usbd_conf.o(i.HAL_PCD_ResetCallback)
    i.HAL_PCD_ResumeCallback                 0x080009ca   Section        0  usbd_conf.o(i.HAL_PCD_ResumeCallback)
    i.HAL_PCD_SOFCallback                    0x080009d2   Section        0  usbd_conf.o(i.HAL_PCD_SOFCallback)
    i.HAL_PCD_SetAddress                     0x080009da   Section        0  stm32f1xx_hal_pcd.o(i.HAL_PCD_SetAddress)
    i.HAL_PCD_SetupStageCallback             0x08000a02   Section        0  usbd_conf.o(i.HAL_PCD_SetupStageCallback)
    i.HAL_PCD_Start                          0x08000a10   Section        0  stm32f1xx_hal_pcd.o(i.HAL_PCD_Start)
    i.HAL_PCD_SuspendCallback                0x08000a44   Section        0  usbd_conf.o(i.HAL_PCD_SuspendCallback)
    i.HAL_RCCEx_PeriphCLKConfig              0x08000a68   Section        0  stm32f1xx_hal_rcc_ex.o(i.HAL_RCCEx_PeriphCLKConfig)
    i.HAL_RCC_ClockConfig                    0x08000b54   Section        0  stm32f1xx_hal_rcc.o(i.HAL_RCC_ClockConfig)
    i.HAL_RCC_GetPCLK1Freq                   0x08000c80   Section        0  stm32f1xx_hal_rcc.o(i.HAL_RCC_GetPCLK1Freq)
    i.HAL_RCC_GetPCLK2Freq                   0x08000ca0   Section        0  stm32f1xx_hal_rcc.o(i.HAL_RCC_GetPCLK2Freq)
    i.HAL_RCC_GetSysClockFreq                0x08000cc0   Section        0  stm32f1xx_hal_rcc.o(i.HAL_RCC_GetSysClockFreq)
    i.HAL_RCC_OscConfig                      0x08000d2c   Section        0  stm32f1xx_hal_rcc.o(i.HAL_RCC_OscConfig)
    i.HAL_SYSTICK_Config                     0x0800104c   Section        0  stm32f1xx_hal_cortex.o(i.HAL_SYSTICK_Config)
    i.HAL_TIMEx_MasterConfigSynchronization  0x08001074   Section        0  stm32f1xx_hal_tim_ex.o(i.HAL_TIMEx_MasterConfigSynchronization)
    i.HAL_TIM_Base_Init                      0x080010b6   Section        0  stm32f1xx_hal_tim.o(i.HAL_TIM_Base_Init)
    i.HAL_TIM_Base_MspInit                   0x080010ec   Section        0  tim.o(i.HAL_TIM_Base_MspInit)
    i.HAL_TIM_ConfigClockSource              0x08001144   Section        0  stm32f1xx_hal_tim.o(i.HAL_TIM_ConfigClockSource)
    i.HAL_UART_Init                          0x0800121a   Section        0  stm32f1xx_hal_uart.o(i.HAL_UART_Init)
    i.HAL_UART_MspInit                       0x0800127c   Section        0  usart.o(i.HAL_UART_MspInit)
    i.HAL_UART_Transmit                      0x080012ec   Section        0  stm32f1xx_hal_uart.o(i.HAL_UART_Transmit)
    i.HardFault_Handler                      0x080013a6   Section        0  stm32f1xx_it.o(i.HardFault_Handler)
    i.IntToUnicode                           0x080013a8   Section        0  usbd_desc.o(i.IntToUnicode)
    IntToUnicode                             0x080013a9   Thumb Code    56  usbd_desc.o(i.IntToUnicode)
    i.KBD_REPORT_INIT                        0x080013e0   Section        0  kbd_report.o(i.KBD_REPORT_INIT)
    i.KBD_REPORT_MAKE                        0x0800140c   Section        0  kbd_report.o(i.KBD_REPORT_MAKE)
    i.KBD_SCAN_AKEY                          0x08001494   Section        0  kbd_scan.o(i.KBD_SCAN_AKEY)
    i.KBD_SCAN_ANS                           0x08001560   Section        0  kbd_scan.o(i.KBD_SCAN_ANS)
    i.KBD_SCAN_ANS_INIT                      0x080015c4   Section        0  kbd_scan.o(i.KBD_SCAN_ANS_INIT)
    i.KBD_SCAN_ANS_REINIT                    0x08001608   Section        0  kbd_scan.o(i.KBD_SCAN_ANS_REINIT)
    i.KBD_SCAN_FKEY                          0x08001634   Section        0  kbd_scan.o(i.KBD_SCAN_FKEY)
    i.KBD_SCAN_MAIN                          0x080016f0   Section        0  kbd_scan.o(i.KBD_SCAN_MAIN)
    i.KBD_SCAN_RMJ                           0x08001724   Section        0  kbd_scan.o(i.KBD_SCAN_RMJ)
    i.KBD_SCAN_SKEY                          0x080017b0   Section        0  kbd_scan.o(i.KBD_SCAN_SKEY)
    i.KBD_USB_SEND                           0x0800186c   Section        0  kbd_func.o(i.KBD_USB_SEND)
    i.KBD_USB_SEND_REPORT                    0x0800187c   Section        0  kbd_usb.o(i.KBD_USB_SEND_REPORT)
    i.MX_GPIO_Init                           0x080018c4   Section        0  gpio.o(i.MX_GPIO_Init)
    i.MX_TIM1_Init                           0x08001974   Section        0  tim.o(i.MX_TIM1_Init)
    i.MX_TIM2_Init                           0x080019d8   Section        0  tim.o(i.MX_TIM2_Init)
    i.MX_TIM3_Init                           0x08001a38   Section        0  tim.o(i.MX_TIM3_Init)
    i.MX_USART1_UART_Init                    0x08001a98   Section        0  usart.o(i.MX_USART1_UART_Init)
    i.MX_USB_DEVICE_Init                     0x08001ad0   Section        0  usb_device.o(i.MX_USB_DEVICE_Init)
    i.MemManage_Handler                      0x08001b10   Section        0  stm32f1xx_it.o(i.MemManage_Handler)
    i.NMI_Handler                            0x08001b12   Section        0  stm32f1xx_it.o(i.NMI_Handler)
    i.PCD_EP_ISR_Handler                     0x08001b14   Section        0  stm32f1xx_hal_pcd.o(i.PCD_EP_ISR_Handler)
    PCD_EP_ISR_Handler                       0x08001b15   Thumb Code   706  stm32f1xx_hal_pcd.o(i.PCD_EP_ISR_Handler)
    i.PendSV_Handler                         0x08001dd6   Section        0  stm32f1xx_it.o(i.PendSV_Handler)
    i.SVC_Handler                            0x08001dd8   Section        0  stm32f1xx_it.o(i.SVC_Handler)
    i.SysTick_Handler                        0x08001dda   Section        0  stm32f1xx_it.o(i.SysTick_Handler)
    i.SystemClock_Config                     0x08001dde   Section        0  main.o(i.SystemClock_Config)
    i.SystemInit                             0x08001e40   Section        0  system_stm32f1xx.o(i.SystemInit)
    i.TIM_Base_SetConfig                     0x08001e88   Section        0  stm32f1xx_hal_tim.o(i.TIM_Base_SetConfig)
    i.TIM_ETR_SetConfig                      0x08001ef4   Section        0  stm32f1xx_hal_tim.o(i.TIM_ETR_SetConfig)
    i.TIM_ITRx_SetConfig                     0x08001f08   Section        0  stm32f1xx_hal_tim.o(i.TIM_ITRx_SetConfig)
    TIM_ITRx_SetConfig                       0x08001f09   Thumb Code    16  stm32f1xx_hal_tim.o(i.TIM_ITRx_SetConfig)
    i.TIM_TI1_ConfigInputStage               0x08001f18   Section        0  stm32f1xx_hal_tim.o(i.TIM_TI1_ConfigInputStage)
    TIM_TI1_ConfigInputStage                 0x08001f19   Thumb Code    34  stm32f1xx_hal_tim.o(i.TIM_TI1_ConfigInputStage)
    i.TIM_TI2_ConfigInputStage               0x08001f3a   Section        0  stm32f1xx_hal_tim.o(i.TIM_TI2_ConfigInputStage)
    TIM_TI2_ConfigInputStage                 0x08001f3b   Thumb Code    36  stm32f1xx_hal_tim.o(i.TIM_TI2_ConfigInputStage)
    i.UART_SetConfig                         0x08001f60   Section        0  stm32f1xx_hal_uart.o(i.UART_SetConfig)
    UART_SetConfig                           0x08001f61   Thumb Code   178  stm32f1xx_hal_uart.o(i.UART_SetConfig)
    i.UART_WaitOnFlagUntilTimeout            0x08002018   Section        0  stm32f1xx_hal_uart.o(i.UART_WaitOnFlagUntilTimeout)
    UART_WaitOnFlagUntilTimeout              0x08002019   Thumb Code   100  stm32f1xx_hal_uart.o(i.UART_WaitOnFlagUntilTimeout)
    i.USBD_ClrClassConfig                    0x0800207c   Section        0  usbd_core.o(i.USBD_ClrClassConfig)
    i.USBD_CtlContinueRx                     0x0800208a   Section        0  usbd_ioreq.o(i.USBD_CtlContinueRx)
    i.USBD_CtlContinueSendData               0x0800209a   Section        0  usbd_ioreq.o(i.USBD_CtlContinueSendData)
    i.USBD_CtlError                          0x080020aa   Section        0  usbd_ctlreq.o(i.USBD_CtlError)
    i.USBD_CtlReceiveStatus                  0x080020c0   Section        0  usbd_ioreq.o(i.USBD_CtlReceiveStatus)
    i.USBD_CtlSendData                       0x080020d6   Section        0  usbd_ioreq.o(i.USBD_CtlSendData)
    i.USBD_CtlSendStatus                     0x080020f0   Section        0  usbd_ioreq.o(i.USBD_CtlSendStatus)
    i.USBD_FS_ConfigStrDescriptor            0x08002108   Section        0  usbd_desc.o(i.USBD_FS_ConfigStrDescriptor)
    i.USBD_FS_DeviceDescriptor               0x08002128   Section        0  usbd_desc.o(i.USBD_FS_DeviceDescriptor)
    i.USBD_FS_InterfaceStrDescriptor         0x08002134   Section        0  usbd_desc.o(i.USBD_FS_InterfaceStrDescriptor)
    i.USBD_FS_LangIDStrDescriptor            0x08002158   Section        0  usbd_desc.o(i.USBD_FS_LangIDStrDescriptor)
    i.USBD_FS_ManufacturerStrDescriptor      0x08002164   Section        0  usbd_desc.o(i.USBD_FS_ManufacturerStrDescriptor)
    i.USBD_FS_ProductStrDescriptor           0x0800218c   Section        0  usbd_desc.o(i.USBD_FS_ProductStrDescriptor)
    i.USBD_FS_SerialStrDescriptor            0x080021b8   Section        0  usbd_desc.o(i.USBD_FS_SerialStrDescriptor)
    i.USBD_GetDescriptor                     0x080021f0   Section        0  usbd_ctlreq.o(i.USBD_GetDescriptor)
    USBD_GetDescriptor                       0x080021f1   Thumb Code   232  usbd_ctlreq.o(i.USBD_GetDescriptor)
    i.USBD_GetString                         0x080022d8   Section        0  usbd_ctlreq.o(i.USBD_GetString)
    i.USBD_Get_USB_Status                    0x08002320   Section        0  usbd_conf.o(i.USBD_Get_USB_Status)
    USBD_Get_USB_Status                      0x08002321   Thumb Code    24  usbd_conf.o(i.USBD_Get_USB_Status)
    i.USBD_HID_DataIn                        0x08002338   Section        0  usbd_hid.o(i.USBD_HID_DataIn)
    USBD_HID_DataIn                          0x08002339   Thumb Code    12  usbd_hid.o(i.USBD_HID_DataIn)
    i.USBD_HID_DeInit                        0x08002344   Section        0  usbd_hid.o(i.USBD_HID_DeInit)
    USBD_HID_DeInit                          0x08002345   Thumb Code    32  usbd_hid.o(i.USBD_HID_DeInit)
    i.USBD_HID_GetDeviceQualifierDesc        0x08002364   Section        0  usbd_hid.o(i.USBD_HID_GetDeviceQualifierDesc)
    USBD_HID_GetDeviceQualifierDesc          0x08002365   Thumb Code     8  usbd_hid.o(i.USBD_HID_GetDeviceQualifierDesc)
    i.USBD_HID_GetFSCfgDesc                  0x08002370   Section        0  usbd_hid.o(i.USBD_HID_GetFSCfgDesc)
    USBD_HID_GetFSCfgDesc                    0x08002371   Thumb Code     8  usbd_hid.o(i.USBD_HID_GetFSCfgDesc)
    i.USBD_HID_GetHSCfgDesc                  0x0800237c   Section        0  usbd_hid.o(i.USBD_HID_GetHSCfgDesc)
    USBD_HID_GetHSCfgDesc                    0x0800237d   Thumb Code     8  usbd_hid.o(i.USBD_HID_GetHSCfgDesc)
    i.USBD_HID_GetOtherSpeedCfgDesc          0x08002388   Section        0  usbd_hid.o(i.USBD_HID_GetOtherSpeedCfgDesc)
    USBD_HID_GetOtherSpeedCfgDesc            0x08002389   Thumb Code     8  usbd_hid.o(i.USBD_HID_GetOtherSpeedCfgDesc)
    i.USBD_HID_Init                          0x08002394   Section        0  usbd_hid.o(i.USBD_HID_Init)
    USBD_HID_Init                            0x08002395   Thumb Code    42  usbd_hid.o(i.USBD_HID_Init)
    i.USBD_HID_SendReport                    0x080023be   Section        0  usbd_hid.o(i.USBD_HID_SendReport)
    i.USBD_HID_Setup                         0x080023e4   Section        0  usbd_hid.o(i.USBD_HID_Setup)
    USBD_HID_Setup                           0x080023e5   Thumb Code   196  usbd_hid.o(i.USBD_HID_Setup)
    i.USBD_Init                              0x080024ac   Section        0  usbd_core.o(i.USBD_Init)
    i.USBD_LL_ClearStallEP                   0x080024d6   Section        0  usbd_conf.o(i.USBD_LL_ClearStallEP)
    i.USBD_LL_CloseEP                        0x080024e8   Section        0  usbd_conf.o(i.USBD_LL_CloseEP)
    i.USBD_LL_DataInStage                    0x080024fa   Section        0  usbd_core.o(i.USBD_LL_DataInStage)
    i.USBD_LL_DataOutStage                   0x080025c0   Section        0  usbd_core.o(i.USBD_LL_DataOutStage)
    i.USBD_LL_Init                           0x08002644   Section        0  usbd_conf.o(i.USBD_LL_Init)
    i.USBD_LL_IsStallEP                      0x080026ac   Section        0  usbd_conf.o(i.USBD_LL_IsStallEP)
    i.USBD_LL_OpenEP                         0x080026c8   Section        0  usbd_conf.o(i.USBD_LL_OpenEP)
    i.USBD_LL_PrepareReceive                 0x080026e0   Section        0  usbd_conf.o(i.USBD_LL_PrepareReceive)
    i.USBD_LL_Reset                          0x080026f2   Section        0  usbd_core.o(i.USBD_LL_Reset)
    i.USBD_LL_Resume                         0x08002742   Section        0  usbd_core.o(i.USBD_LL_Resume)
    i.USBD_LL_SOF                            0x08002756   Section        0  usbd_core.o(i.USBD_LL_SOF)
    i.USBD_LL_SetSpeed                       0x0800276e   Section        0  usbd_core.o(i.USBD_LL_SetSpeed)
    i.USBD_LL_SetUSBAddress                  0x08002774   Section        0  usbd_conf.o(i.USBD_LL_SetUSBAddress)
    i.USBD_LL_SetupStage                     0x08002786   Section        0  usbd_core.o(i.USBD_LL_SetupStage)
    i.USBD_LL_StallEP                        0x080027e0   Section        0  usbd_conf.o(i.USBD_LL_StallEP)
    i.USBD_LL_Start                          0x080027f2   Section        0  usbd_conf.o(i.USBD_LL_Start)
    i.USBD_LL_Suspend                        0x08002804   Section        0  usbd_core.o(i.USBD_LL_Suspend)
    i.USBD_LL_Transmit                       0x08002816   Section        0  usbd_conf.o(i.USBD_LL_Transmit)
    i.USBD_ParseSetupRequest                 0x08002828   Section        0  usbd_ctlreq.o(i.USBD_ParseSetupRequest)
    i.USBD_RegisterClass                     0x08002850   Section        0  usbd_core.o(i.USBD_RegisterClass)
    i.USBD_SetClassConfig                    0x08002860   Section        0  usbd_core.o(i.USBD_SetClassConfig)
    i.USBD_SetConfig                         0x08002878   Section        0  usbd_ctlreq.o(i.USBD_SetConfig)
    USBD_SetConfig                           0x08002879   Thumb Code   128  usbd_ctlreq.o(i.USBD_SetConfig)
    i.USBD_Start                             0x080028fc   Section        0  usbd_core.o(i.USBD_Start)
    i.USBD_StdDevReq                         0x08002906   Section        0  usbd_ctlreq.o(i.USBD_StdDevReq)
    i.USBD_StdEPReq                          0x08002a18   Section        0  usbd_ctlreq.o(i.USBD_StdEPReq)
    i.USBD_StdItfReq                         0x08002b68   Section        0  usbd_ctlreq.o(i.USBD_StdItfReq)
    i.USBD_static_free                       0x08002bb6   Section        0  usbd_conf.o(i.USBD_static_free)
    i.USBD_static_malloc                     0x08002bb8   Section        0  usbd_conf.o(i.USBD_static_malloc)
    i.USB_ActivateEndpoint                   0x08002bc0   Section        0  stm32f1xx_ll_usb.o(i.USB_ActivateEndpoint)
    i.USB_CoreInit                           0x08002e26   Section        0  stm32f1xx_ll_usb.o(i.USB_CoreInit)
    i.USB_DeactivateEndpoint                 0x08002e2a   Section        0  stm32f1xx_ll_usb.o(i.USB_DeactivateEndpoint)
    i.USB_DevConnect                         0x08002f38   Section        0  stm32f1xx_ll_usb.o(i.USB_DevConnect)
    i.USB_DevDisconnect                      0x08002f3c   Section        0  stm32f1xx_ll_usb.o(i.USB_DevDisconnect)
    i.USB_DevInit                            0x08002f40   Section        0  stm32f1xx_ll_usb.o(i.USB_DevInit)
    i.USB_DisableGlobalInt                   0x08002f5e   Section        0  stm32f1xx_ll_usb.o(i.USB_DisableGlobalInt)
    i.USB_EP0_OutStart                       0x08002f6c   Section        0  stm32f1xx_ll_usb.o(i.USB_EP0_OutStart)
    i.USB_EPClearStall                       0x08002f70   Section        0  stm32f1xx_ll_usb.o(i.USB_EPClearStall)
    i.USB_EPSetStall                         0x08002fe8   Section        0  stm32f1xx_ll_usb.o(i.USB_EPSetStall)
    i.USB_EPStartXfer                        0x0800301a   Section        0  stm32f1xx_ll_usb.o(i.USB_EPStartXfer)
    i.USB_EnableGlobalInt                    0x080031b6   Section        0  stm32f1xx_ll_usb.o(i.USB_EnableGlobalInt)
    i.USB_LP_CAN1_RX0_IRQHandler             0x080031c4   Section        0  stm32f1xx_it.o(i.USB_LP_CAN1_RX0_IRQHandler)
    i.USB_ReadInterrupts                     0x080031d0   Section        0  stm32f1xx_ll_usb.o(i.USB_ReadInterrupts)
    i.USB_ReadPMA                            0x080031d8   Section        0  stm32f1xx_ll_usb.o(i.USB_ReadPMA)
    i.USB_SetCurrentMode                     0x08003204   Section        0  stm32f1xx_ll_usb.o(i.USB_SetCurrentMode)
    i.USB_SetDevAddress                      0x08003208   Section        0  stm32f1xx_ll_usb.o(i.USB_SetDevAddress)
    i.USB_WritePMA                           0x08003214   Section        0  stm32f1xx_ll_usb.o(i.USB_WritePMA)
    i.UsageFault_Handler                     0x0800323a   Section        0  stm32f1xx_it.o(i.UsageFault_Handler)
    i.__0printf$1                            0x0800323c   Section        0  printf1.o(i.__0printf$1)
    i.__NVIC_SetPriority                     0x0800325c   Section        0  stm32f1xx_hal_cortex.o(i.__NVIC_SetPriority)
    __NVIC_SetPriority                       0x0800325d   Thumb Code    32  stm32f1xx_hal_cortex.o(i.__NVIC_SetPriority)
    i.__scatterload_copy                     0x0800327c   Section       14  handlers.o(i.__scatterload_copy)
    i.__scatterload_null                     0x0800328a   Section        2  handlers.o(i.__scatterload_null)
    i.__scatterload_zeroinit                 0x0800328c   Section       14  handlers.o(i.__scatterload_zeroinit)
    i._printf_core                           0x0800329c   Section        0  printf1.o(i._printf_core)
    _printf_core                             0x0800329d   Thumb Code   336  printf1.o(i._printf_core)
    i.fputc                                  0x080033f0   Section        0  kbd_serial.o(i.fputc)
    i.main                                   0x08003408   Section        0  main.o(i.main)
    i.pinDown                                0x08003438   Section        0  kbd_func.o(i.pinDown)
    i.pinRead                                0x08003440   Section        0  kbd_func.o(i.pinRead)
    i.pinUp                                  0x08003446   Section        0  kbd_func.o(i.pinUp)
    i.report_keyword                         0x08003450   Section        0  kbd_serial.o(i.report_keyword)
    i.report_map                             0x08003500   Section        0  kbd_serial.o(i.report_map)
    i.report_rm                              0x0800364c   Section        0  kbd_serial.o(i.report_rm)
    .constdata                               0x08003684   Section       16  system_stm32f1xx.o(.constdata)
    .constdata                               0x08003694   Section        8  system_stm32f1xx.o(.constdata)
    .data                                    0x20000000   Section      208  kbd_info.o(.data)
    .data                                    0x200000d0   Section       20  kbd_info.o(.data)
    .data                                    0x200000e4   Section       20  kbd_info.o(.data)
    .data                                    0x200000f8   Section       25  kbd_info.o(.data)
    .data                                    0x20000111   Section        3  kbd_info.o(.data)
    .data                                    0x20000114   Section        3  kbd_info.o(.data)
    .data                                    0x20000117   Section        8  kbd_report.o(.data)
    .data                                    0x20000120   Section        8  kbd_scan.o(.data)
    .data                                    0x20000128   Section       28  usbd_desc.o(.data)
    .data                                    0x20000144   Section       50  usbd_desc.o(.data)
    .data                                    0x20000178   Section       12  stm32f1xx_hal.o(.data)
    .data                                    0x20000184   Section        4  system_stm32f1xx.o(.data)
    .data                                    0x20000188   Section        1  usbd_ctlreq.o(.data)
    cfgidx                                   0x20000188   Data           1  usbd_ctlreq.o(.data)
    .data                                    0x2000018c   Section       56  usbd_hid.o(.data)
    .data                                    0x200001c4   Section      195  usbd_hid.o(.data)
    USBD_HID_CfgFSDesc                       0x200001c4   Data          34  usbd_hid.o(.data)
    USBD_HID_CfgHSDesc                       0x200001e8   Data          34  usbd_hid.o(.data)
    USBD_HID_OtherSpeedCfgDesc               0x2000020c   Data          34  usbd_hid.o(.data)
    USBD_HID_Desc                            0x20000230   Data           9  usbd_hid.o(.data)
    USBD_HID_DeviceQualifierDesc             0x2000023c   Data          10  usbd_hid.o(.data)
    HID_KEYBOARD_ReportDesc                  0x20000248   Data          63  usbd_hid.o(.data)
    .data                                    0x20000288   Section        4  stdout.o(.data)
    .bss                                     0x2000028c   Section      259  kbd_scan.o(.bss)
    .bss                                     0x20000390   Section      192  tim.o(.bss)
    .bss                                     0x20000450   Section       64  usart.o(.bss)
    .bss                                     0x20000490   Section      708  usb_device.o(.bss)
    .bss                                     0x20000754   Section      640  usbd_conf.o(.bss)
    mem                                      0x20000754   Data          20  usbd_conf.o(.bss)
    .bss                                     0x200009d4   Section      512  usbd_desc.o(.bss)
    STACK                                    0x20000bd8   Section     1024  startup_stm32f103xb.o(STACK)

    Global Symbols

    Symbol Name                              Value     Ov Type        Size  Object(Section)

    BuildAttributes$$THM_ISAv4$P$D$K$B$S$PE$A:L22UL41UL21$X:L11$S22US41US21$IEEE1$IW$USESV6$~STKCKD$USESV7$~SHL$OSPACE$ROPI$EBA8$MICROLIB$REQ8$PRES8$EABIv2 0x00000000   Number         0  anon$$obj.o ABSOLUTE
    __ARM_use_no_argv                        0x00000000   Number         0  main.o ABSOLUTE
    _printf_a                                0x00000000   Number         0  stubs.o ABSOLUTE
    _printf_c                                0x00000000   Number         0  stubs.o ABSOLUTE
    _printf_charcount                        0x00000000   Number         0  stubs.o ABSOLUTE
    _printf_d                                0x00000000   Number         0  stubs.o ABSOLUTE
    _printf_e                                0x00000000   Number         0  stubs.o ABSOLUTE
    _printf_f                                0x00000000   Number         0  stubs.o ABSOLUTE
    _printf_flags                            0x00000000   Number         0  stubs.o ABSOLUTE
    _printf_fp_dec                           0x00000000   Number         0  stubs.o ABSOLUTE
    _printf_fp_hex                           0x00000000   Number         0  stubs.o ABSOLUTE
    _printf_g                                0x00000000   Number         0  stubs.o ABSOLUTE
    _printf_i                                0x00000000   Number         0  stubs.o ABSOLUTE
    _printf_int_dec                          0x00000000   Number         0  stubs.o ABSOLUTE
    _printf_l                                0x00000000   Number         0  stubs.o ABSOLUTE
    _printf_lc                               0x00000000   Number         0  stubs.o ABSOLUTE
    _printf_ll                               0x00000000   Number         0  stubs.o ABSOLUTE
    _printf_lld                              0x00000000   Number         0  stubs.o ABSOLUTE
    _printf_lli                              0x00000000   Number         0  stubs.o ABSOLUTE
    _printf_llo                              0x00000000   Number         0  stubs.o ABSOLUTE
    _printf_llu                              0x00000000   Number         0  stubs.o ABSOLUTE
    _printf_llx                              0x00000000   Number         0  stubs.o ABSOLUTE
    _printf_longlong_dec                     0x00000000   Number         0  stubs.o ABSOLUTE
    _printf_longlong_hex                     0x00000000   Number         0  stubs.o ABSOLUTE
    _printf_longlong_oct                     0x00000000   Number         0  stubs.o ABSOLUTE
    _printf_ls                               0x00000000   Number         0  stubs.o ABSOLUTE
    _printf_mbtowc                           0x00000000   Number         0  stubs.o ABSOLUTE
    _printf_n                                0x00000000   Number         0  stubs.o ABSOLUTE
    _printf_o                                0x00000000   Number         0  stubs.o ABSOLUTE
    _printf_p                                0x00000000   Number         0  stubs.o ABSOLUTE
    _printf_percent                          0x00000000   Number         0  stubs.o ABSOLUTE
    _printf_pre_padding                      0x00000000   Number         0  stubs.o ABSOLUTE
    _printf_return_value                     0x00000000   Number         0  stubs.o ABSOLUTE
    _printf_s                                0x00000000   Number         0  stubs.o ABSOLUTE
    _printf_sizespec                         0x00000000   Number         0  stubs.o ABSOLUTE
    _printf_str                              0x00000000   Number         0  stubs.o ABSOLUTE
    _printf_truncate_signed                  0x00000000   Number         0  stubs.o ABSOLUTE
    _printf_truncate_unsigned                0x00000000   Number         0  stubs.o ABSOLUTE
    _printf_u                                0x00000000   Number         0  stubs.o ABSOLUTE
    _printf_wc                               0x00000000   Number         0  stubs.o ABSOLUTE
    _printf_wctomb                           0x00000000   Number         0  stubs.o ABSOLUTE
    _printf_widthprec                        0x00000000   Number         0  stubs.o ABSOLUTE
    _printf_x                                0x00000000   Number         0  stubs.o ABSOLUTE
    __cpp_initialize__aeabi_                  - Undefined Weak Reference
    __cxa_finalize                            - Undefined Weak Reference
    _clock_init                               - Undefined Weak Reference
    _microlib_exit                            - Undefined Weak Reference
    __Vectors_Size                           0x000000ec   Number         0  startup_stm32f103xb.o ABSOLUTE
    __Vectors                                0x08000000   Data           4  startup_stm32f103xb.o(RESET)
    __Vectors_End                            0x080000ec   Data           0  startup_stm32f103xb.o(RESET)
    __main                                   0x080000ed   Thumb Code     0  entry.o(.ARM.Collect$$$$00000000)
    _main_stk                                0x080000ed   Thumb Code     0  entry2.o(.ARM.Collect$$$$00000001)
    _main_scatterload                        0x080000f1   Thumb Code     0  entry5.o(.ARM.Collect$$$$00000004)
    __main_after_scatterload                 0x080000f5   Thumb Code     0  entry5.o(.ARM.Collect$$$$00000004)
    _main_clock                              0x080000f5   Thumb Code     0  entry7b.o(.ARM.Collect$$$$00000008)
    _main_cpp_init                           0x080000f5   Thumb Code     0  entry8b.o(.ARM.Collect$$$$0000000A)
    _main_init                               0x080000f5   Thumb Code     0  entry9a.o(.ARM.Collect$$$$0000000B)
    __rt_final_cpp                           0x080000fd   Thumb Code     0  entry10a.o(.ARM.Collect$$$$0000000D)
    __rt_final_exit                          0x080000fd   Thumb Code     0  entry11a.o(.ARM.Collect$$$$0000000F)
    Reset_Handler                            0x08000101   Thumb Code     8  startup_stm32f103xb.o(.text)
    ADC1_2_IRQHandler                        0x0800011b   Thumb Code     0  startup_stm32f103xb.o(.text)
    CAN1_RX1_IRQHandler                      0x0800011b   Thumb Code     0  startup_stm32f103xb.o(.text)
    CAN1_SCE_IRQHandler                      0x0800011b   Thumb Code     0  startup_stm32f103xb.o(.text)
    DMA1_Channel1_IRQHandler                 0x0800011b   Thumb Code     0  startup_stm32f103xb.o(.text)
    DMA1_Channel2_IRQHandler                 0x0800011b   Thumb Code     0  startup_stm32f103xb.o(.text)
    DMA1_Channel3_IRQHandler                 0x0800011b   Thumb Code     0  startup_stm32f103xb.o(.text)
    DMA1_Channel4_IRQHandler                 0x0800011b   Thumb Code     0  startup_stm32f103xb.o(.text)
    DMA1_Channel5_IRQHandler                 0x0800011b   Thumb Code     0  startup_stm32f103xb.o(.text)
    DMA1_Channel6_IRQHandler                 0x0800011b   Thumb Code     0  startup_stm32f103xb.o(.text)
    DMA1_Channel7_IRQHandler                 0x0800011b   Thumb Code     0  startup_stm32f103xb.o(.text)
    EXTI0_IRQHandler                         0x0800011b   Thumb Code     0  startup_stm32f103xb.o(.text)
    EXTI15_10_IRQHandler                     0x0800011b   Thumb Code     0  startup_stm32f103xb.o(.text)
    EXTI1_IRQHandler                         0x0800011b   Thumb Code     0  startup_stm32f103xb.o(.text)
    EXTI2_IRQHandler                         0x0800011b   Thumb Code     0  startup_stm32f103xb.o(.text)
    EXTI3_IRQHandler                         0x0800011b   Thumb Code     0  startup_stm32f103xb.o(.text)
    EXTI4_IRQHandler                         0x0800011b   Thumb Code     0  startup_stm32f103xb.o(.text)
    EXTI9_5_IRQHandler                       0x0800011b   Thumb Code     0  startup_stm32f103xb.o(.text)
    FLASH_IRQHandler                         0x0800011b   Thumb Code     0  startup_stm32f103xb.o(.text)
    I2C1_ER_IRQHandler                       0x0800011b   Thumb Code     0  startup_stm32f103xb.o(.text)
    I2C1_EV_IRQHandler                       0x0800011b   Thumb Code     0  startup_stm32f103xb.o(.text)
    I2C2_ER_IRQHandler                       0x0800011b   Thumb Code     0  startup_stm32f103xb.o(.text)
    I2C2_EV_IRQHandler                       0x0800011b   Thumb Code     0  startup_stm32f103xb.o(.text)
    PVD_IRQHandler                           0x0800011b   Thumb Code     0  startup_stm32f103xb.o(.text)
    RCC_IRQHandler                           0x0800011b   Thumb Code     0  startup_stm32f103xb.o(.text)
    RTC_Alarm_IRQHandler                     0x0800011b   Thumb Code     0  startup_stm32f103xb.o(.text)
    RTC_IRQHandler                           0x0800011b   Thumb Code     0  startup_stm32f103xb.o(.text)
    SPI1_IRQHandler                          0x0800011b   Thumb Code     0  startup_stm32f103xb.o(.text)
    SPI2_IRQHandler                          0x0800011b   Thumb Code     0  startup_stm32f103xb.o(.text)
    TAMPER_IRQHandler                        0x0800011b   Thumb Code     0  startup_stm32f103xb.o(.text)
    TIM1_BRK_IRQHandler                      0x0800011b   Thumb Code     0  startup_stm32f103xb.o(.text)
    TIM1_CC_IRQHandler                       0x0800011b   Thumb Code     0  startup_stm32f103xb.o(.text)
    TIM1_TRG_COM_IRQHandler                  0x0800011b   Thumb Code     0  startup_stm32f103xb.o(.text)
    TIM1_UP_IRQHandler                       0x0800011b   Thumb Code     0  startup_stm32f103xb.o(.text)
    TIM2_IRQHandler                          0x0800011b   Thumb Code     0  startup_stm32f103xb.o(.text)
    TIM3_IRQHandler                          0x0800011b   Thumb Code     0  startup_stm32f103xb.o(.text)
    TIM4_IRQHandler                          0x0800011b   Thumb Code     0  startup_stm32f103xb.o(.text)
    USART1_IRQHandler                        0x0800011b   Thumb Code     0  startup_stm32f103xb.o(.text)
    USART2_IRQHandler                        0x0800011b   Thumb Code     0  startup_stm32f103xb.o(.text)
    USART3_IRQHandler                        0x0800011b   Thumb Code     0  startup_stm32f103xb.o(.text)
    USBWakeUp_IRQHandler                     0x0800011b   Thumb Code     0  startup_stm32f103xb.o(.text)
    USB_HP_CAN1_TX_IRQHandler                0x0800011b   Thumb Code     0  startup_stm32f103xb.o(.text)
    WWDG_IRQHandler                          0x0800011b   Thumb Code     0  startup_stm32f103xb.o(.text)
    __aeabi_memcpy                           0x08000125   Thumb Code    36  memcpya.o(.text)
    __aeabi_memcpy4                          0x08000125   Thumb Code     0  memcpya.o(.text)
    __aeabi_memcpy8                          0x08000125   Thumb Code     0  memcpya.o(.text)
    __aeabi_memset                           0x08000149   Thumb Code    14  memseta.o(.text)
    __aeabi_memset4                          0x08000149   Thumb Code     0  memseta.o(.text)
    __aeabi_memset8                          0x08000149   Thumb Code     0  memseta.o(.text)
    __aeabi_memclr                           0x08000157   Thumb Code     4  memseta.o(.text)
    __aeabi_memclr4                          0x08000157   Thumb Code     0  memseta.o(.text)
    __aeabi_memclr8                          0x08000157   Thumb Code     0  memseta.o(.text)
    _memset$wrapper                          0x0800015b   Thumb Code    18  memseta.o(.text)
    __aeabi_uidiv                            0x0800016d   Thumb Code     0  uidiv.o(.text)
    __aeabi_uidivmod                         0x0800016d   Thumb Code    44  uidiv.o(.text)
    __scatterload                            0x08000199   Thumb Code    28  init.o(.text)
    __scatterload_rt2                        0x08000199   Thumb Code     0  init.o(.text)
    __decompress                             0x080001bd   Thumb Code     0  __dczerorl2.o(.text)
    __decompress1                            0x080001bd   Thumb Code    86  __dczerorl2.o(.text)
    BusFault_Handler                         0x08000213   Thumb Code     2  stm32f1xx_it.o(i.BusFault_Handler)
    DebugMon_Handler                         0x08000215   Thumb Code     2  stm32f1xx_it.o(i.DebugMon_Handler)
    Error_Handler                            0x08000217   Thumb Code     2  main.o(i.Error_Handler)
    HAL_Delay                                0x08000219   Thumb Code    32  stm32f1xx_hal.o(i.HAL_Delay)
    HAL_GPIO_Init                            0x0800023d   Thumb Code   446  stm32f1xx_hal_gpio.o(i.HAL_GPIO_Init)
    HAL_GPIO_ReadPin                         0x0800041d   Thumb Code    10  stm32f1xx_hal_gpio.o(i.HAL_GPIO_ReadPin)
    HAL_GPIO_WritePin                        0x08000427   Thumb Code    10  stm32f1xx_hal_gpio.o(i.HAL_GPIO_WritePin)
    HAL_GetTick                              0x08000431   Thumb Code     6  stm32f1xx_hal.o(i.HAL_GetTick)
    HAL_IncTick                              0x0800043d   Thumb Code    12  stm32f1xx_hal.o(i.HAL_IncTick)
    HAL_Init                                 0x0800044d   Thumb Code    32  stm32f1xx_hal.o(i.HAL_Init)
    HAL_InitTick                             0x08000471   Thumb Code    54  stm32f1xx_hal.o(i.HAL_InitTick)
    HAL_MspInit                              0x080004b1   Thumb Code    52  stm32f1xx_hal_msp.o(i.HAL_MspInit)
    HAL_NVIC_EnableIRQ                       0x080004ed   Thumb Code    26  stm32f1xx_hal_cortex.o(i.HAL_NVIC_EnableIRQ)
    HAL_NVIC_SetPriority                     0x08000509   Thumb Code    60  stm32f1xx_hal_cortex.o(i.HAL_NVIC_SetPriority)
    HAL_NVIC_SetPriorityGrouping             0x08000549   Thumb Code    26  stm32f1xx_hal_cortex.o(i.HAL_NVIC_SetPriorityGrouping)
    HAL_PCDEx_PMAConfig                      0x0800056d   Thumb Code    52  stm32f1xx_hal_pcd_ex.o(i.HAL_PCDEx_PMAConfig)
    HAL_PCDEx_SetConnectionState             0x080005a1   Thumb Code     2  usbd_conf.o(i.HAL_PCDEx_SetConnectionState)
    HAL_PCD_DataInStageCallback              0x080005a3   Thumb Code    14  usbd_conf.o(i.HAL_PCD_DataInStageCallback)
    HAL_PCD_DataOutStageCallback             0x080005b1   Thumb Code    16  usbd_conf.o(i.HAL_PCD_DataOutStageCallback)
    HAL_PCD_EP_Close                         0x080005c1   Thumb Code    72  stm32f1xx_hal_pcd.o(i.HAL_PCD_EP_Close)
    HAL_PCD_EP_ClrStall                      0x08000609   Thumb Code    88  stm32f1xx_hal_pcd.o(i.HAL_PCD_EP_ClrStall)
    HAL_PCD_EP_Open                          0x08000661   Thumb Code    92  stm32f1xx_hal_pcd.o(i.HAL_PCD_EP_Open)
    HAL_PCD_EP_Receive                       0x080006bd   Thumb Code    46  stm32f1xx_hal_pcd.o(i.HAL_PCD_EP_Receive)
    HAL_PCD_EP_SetStall                      0x080006eb   Thumb Code   106  stm32f1xx_hal_pcd.o(i.HAL_PCD_EP_SetStall)
    HAL_PCD_EP_Transmit                      0x08000755   Thumb Code    42  stm32f1xx_hal_pcd.o(i.HAL_PCD_EP_Transmit)
    HAL_PCD_IRQHandler                       0x0800077f   Thumb Code   278  stm32f1xx_hal_pcd.o(i.HAL_PCD_IRQHandler)
    HAL_PCD_Init                             0x08000895   Thumb Code   210  stm32f1xx_hal_pcd.o(i.HAL_PCD_Init)
    HAL_PCD_MspInit                          0x08000969   Thumb Code    50  usbd_conf.o(i.HAL_PCD_MspInit)
    HAL_PCD_ResetCallback                    0x080009a5   Thumb Code    38  usbd_conf.o(i.HAL_PCD_ResetCallback)
    HAL_PCD_ResumeCallback                   0x080009cb   Thumb Code     8  usbd_conf.o(i.HAL_PCD_ResumeCallback)
    HAL_PCD_SOFCallback                      0x080009d3   Thumb Code     8  usbd_conf.o(i.HAL_PCD_SOFCallback)
    HAL_PCD_SetAddress                       0x080009db   Thumb Code    40  stm32f1xx_hal_pcd.o(i.HAL_PCD_SetAddress)
    HAL_PCD_SetupStageCallback               0x08000a03   Thumb Code    14  usbd_conf.o(i.HAL_PCD_SetupStageCallback)
    HAL_PCD_Start                            0x08000a11   Thumb Code    50  stm32f1xx_hal_pcd.o(i.HAL_PCD_Start)
    HAL_PCD_SuspendCallback                  0x08000a45   Thumb Code    30  usbd_conf.o(i.HAL_PCD_SuspendCallback)
    HAL_RCCEx_PeriphCLKConfig                0x08000a69   Thumb Code   224  stm32f1xx_hal_rcc_ex.o(i.HAL_RCCEx_PeriphCLKConfig)
    HAL_RCC_ClockConfig                      0x08000b55   Thumb Code   280  stm32f1xx_hal_rcc.o(i.HAL_RCC_ClockConfig)
    HAL_RCC_GetPCLK1Freq                     0x08000c81   Thumb Code    20  stm32f1xx_hal_rcc.o(i.HAL_RCC_GetPCLK1Freq)
    HAL_RCC_GetPCLK2Freq                     0x08000ca1   Thumb Code    20  stm32f1xx_hal_rcc.o(i.HAL_RCC_GetPCLK2Freq)
    HAL_RCC_GetSysClockFreq                  0x08000cc1   Thumb Code    74  stm32f1xx_hal_rcc.o(i.HAL_RCC_GetSysClockFreq)
    HAL_RCC_OscConfig                        0x08000d2d   Thumb Code   778  stm32f1xx_hal_rcc.o(i.HAL_RCC_OscConfig)
    HAL_SYSTICK_Config                       0x0800104d   Thumb Code    40  stm32f1xx_hal_cortex.o(i.HAL_SYSTICK_Config)
    HAL_TIMEx_MasterConfigSynchronization    0x08001075   Thumb Code    66  stm32f1xx_hal_tim_ex.o(i.HAL_TIMEx_MasterConfigSynchronization)
    HAL_TIM_Base_Init                        0x080010b7   Thumb Code    54  stm32f1xx_hal_tim.o(i.HAL_TIM_Base_Init)
    HAL_TIM_Base_MspInit                     0x080010ed   Thumb Code    74  tim.o(i.HAL_TIM_Base_MspInit)
    HAL_TIM_ConfigClockSource                0x08001145   Thumb Code   214  stm32f1xx_hal_tim.o(i.HAL_TIM_ConfigClockSource)
    HAL_UART_Init                            0x0800121b   Thumb Code    98  stm32f1xx_hal_uart.o(i.HAL_UART_Init)
    HAL_UART_MspInit                         0x0800127d   Thumb Code   100  usart.o(i.HAL_UART_MspInit)
    HAL_UART_Transmit                        0x080012ed   Thumb Code   186  stm32f1xx_hal_uart.o(i.HAL_UART_Transmit)
    HardFault_Handler                        0x080013a7   Thumb Code     2  stm32f1xx_it.o(i.HardFault_Handler)
    KBD_REPORT_INIT                          0x080013e1   Thumb Code    22  kbd_report.o(i.KBD_REPORT_INIT)
    KBD_REPORT_MAKE                          0x0800140d   Thumb Code   120  kbd_report.o(i.KBD_REPORT_MAKE)
    KBD_SCAN_AKEY                            0x08001495   Thumb Code   146  kbd_scan.o(i.KBD_SCAN_AKEY)
    KBD_SCAN_ANS                             0x08001561   Thumb Code    52  kbd_scan.o(i.KBD_SCAN_ANS)
    KBD_SCAN_ANS_INIT                        0x080015c5   Thumb Code    48  kbd_scan.o(i.KBD_SCAN_ANS_INIT)
    KBD_SCAN_ANS_REINIT                      0x08001609   Thumb Code    40  kbd_scan.o(i.KBD_SCAN_ANS_REINIT)
    KBD_SCAN_FKEY                            0x08001635   Thumb Code   132  kbd_scan.o(i.KBD_SCAN_FKEY)
    KBD_SCAN_MAIN                            0x080016f1   Thumb Code    48  kbd_scan.o(i.KBD_SCAN_MAIN)
    KBD_SCAN_RMJ                             0x08001725   Thumb Code   116  kbd_scan.o(i.KBD_SCAN_RMJ)
    KBD_SCAN_SKEY                            0x080017b1   Thumb Code   128  kbd_scan.o(i.KBD_SCAN_SKEY)
    KBD_USB_SEND                             0x0800186d   Thumb Code    10  kbd_func.o(i.KBD_USB_SEND)
    KBD_USB_SEND_REPORT                      0x0800187d   Thumb Code    34  kbd_usb.o(i.KBD_USB_SEND_REPORT)
    MX_GPIO_Init                             0x080018c5   Thumb Code   164  gpio.o(i.MX_GPIO_Init)
    MX_TIM1_Init                             0x08001975   Thumb Code    90  tim.o(i.MX_TIM1_Init)
    MX_TIM2_Init                             0x080019d9   Thumb Code    90  tim.o(i.MX_TIM2_Init)
    MX_TIM3_Init                             0x08001a39   Thumb Code    88  tim.o(i.MX_TIM3_Init)
    MX_USART1_UART_Init                      0x08001a99   Thumb Code    48  usart.o(i.MX_USART1_UART_Init)
    MX_USB_DEVICE_Init                       0x08001ad1   Thumb Code    52  usb_device.o(i.MX_USB_DEVICE_Init)
    MemManage_Handler                        0x08001b11   Thumb Code     2  stm32f1xx_it.o(i.MemManage_Handler)
    NMI_Handler                              0x08001b13   Thumb Code     2  stm32f1xx_it.o(i.NMI_Handler)
    PendSV_Handler                           0x08001dd7   Thumb Code     2  stm32f1xx_it.o(i.PendSV_Handler)
    SVC_Handler                              0x08001dd9   Thumb Code     2  stm32f1xx_it.o(i.SVC_Handler)
    SysTick_Handler                          0x08001ddb   Thumb Code     4  stm32f1xx_it.o(i.SysTick_Handler)
    SystemClock_Config                       0x08001ddf   Thumb Code    96  main.o(i.SystemClock_Config)
    SystemInit                               0x08001e41   Thumb Code    56  system_stm32f1xx.o(i.SystemInit)
    TIM_Base_SetConfig                       0x08001e89   Thumb Code    94  stm32f1xx_hal_tim.o(i.TIM_Base_SetConfig)
    TIM_ETR_SetConfig                        0x08001ef5   Thumb Code    20  stm32f1xx_hal_tim.o(i.TIM_ETR_SetConfig)
    USBD_ClrClassConfig                      0x0800207d   Thumb Code    14  usbd_core.o(i.USBD_ClrClassConfig)
    USBD_CtlContinueRx                       0x0800208b   Thumb Code    16  usbd_ioreq.o(i.USBD_CtlContinueRx)
    USBD_CtlContinueSendData                 0x0800209b   Thumb Code    16  usbd_ioreq.o(i.USBD_CtlContinueSendData)
    USBD_CtlError                            0x080020ab   Thumb Code    22  usbd_ctlreq.o(i.USBD_CtlError)
    USBD_CtlReceiveStatus                    0x080020c1   Thumb Code    22  usbd_ioreq.o(i.USBD_CtlReceiveStatus)
    USBD_CtlSendData                         0x080020d7   Thumb Code    26  usbd_ioreq.o(i.USBD_CtlSendData)
    USBD_CtlSendStatus                       0x080020f1   Thumb Code    22  usbd_ioreq.o(i.USBD_CtlSendStatus)
    USBD_FS_ConfigStrDescriptor              0x08002109   Thumb Code    16  usbd_desc.o(i.USBD_FS_ConfigStrDescriptor)
    USBD_FS_DeviceDescriptor                 0x08002129   Thumb Code     8  usbd_desc.o(i.USBD_FS_DeviceDescriptor)
    USBD_FS_InterfaceStrDescriptor           0x08002135   Thumb Code    16  usbd_desc.o(i.USBD_FS_InterfaceStrDescriptor)
    USBD_FS_LangIDStrDescriptor              0x08002159   Thumb Code     8  usbd_desc.o(i.USBD_FS_LangIDStrDescriptor)
    USBD_FS_ManufacturerStrDescriptor        0x08002165   Thumb Code    16  usbd_desc.o(i.USBD_FS_ManufacturerStrDescriptor)
    USBD_FS_ProductStrDescriptor             0x0800218d   Thumb Code    16  usbd_desc.o(i.USBD_FS_ProductStrDescriptor)
    USBD_FS_SerialStrDescriptor              0x080021b9   Thumb Code    48  usbd_desc.o(i.USBD_FS_SerialStrDescriptor)
    USBD_GetString                           0x080022d9   Thumb Code    72  usbd_ctlreq.o(i.USBD_GetString)
    USBD_HID_SendReport                      0x080023bf   Thumb Code    36  usbd_hid.o(i.USBD_HID_SendReport)
    USBD_Init                                0x080024ad   Thumb Code    42  usbd_core.o(i.USBD_Init)
    USBD_LL_ClearStallEP                     0x080024d7   Thumb Code    18  usbd_conf.o(i.USBD_LL_ClearStallEP)
    USBD_LL_CloseEP                          0x080024e9   Thumb Code    18  usbd_conf.o(i.USBD_LL_CloseEP)
    USBD_LL_DataInStage                      0x080024fb   Thumb Code   198  usbd_core.o(i.USBD_LL_DataInStage)
    USBD_LL_DataOutStage                     0x080025c1   Thumb Code   130  usbd_core.o(i.USBD_LL_DataOutStage)
    USBD_LL_Init                             0x08002645   Thumb Code    94  usbd_conf.o(i.USBD_LL_Init)
    USBD_LL_IsStallEP                        0x080026ad   Thumb Code    28  usbd_conf.o(i.USBD_LL_IsStallEP)
    USBD_LL_OpenEP                           0x080026c9   Thumb Code    24  usbd_conf.o(i.USBD_LL_OpenEP)
    USBD_LL_PrepareReceive                   0x080026e1   Thumb Code    18  usbd_conf.o(i.USBD_LL_PrepareReceive)
    USBD_LL_Reset                            0x080026f3   Thumb Code    80  usbd_core.o(i.USBD_LL_Reset)
    USBD_LL_Resume                           0x08002743   Thumb Code    20  usbd_core.o(i.USBD_LL_Resume)
    USBD_LL_SOF                              0x08002757   Thumb Code    24  usbd_core.o(i.USBD_LL_SOF)
    USBD_LL_SetSpeed                         0x0800276f   Thumb Code     6  usbd_core.o(i.USBD_LL_SetSpeed)
    USBD_LL_SetUSBAddress                    0x08002775   Thumb Code    18  usbd_conf.o(i.USBD_LL_SetUSBAddress)
    USBD_LL_SetupStage                       0x08002787   Thumb Code    90  usbd_core.o(i.USBD_LL_SetupStage)
    USBD_LL_StallEP                          0x080027e1   Thumb Code    18  usbd_conf.o(i.USBD_LL_StallEP)
    USBD_LL_Start                            0x080027f3   Thumb Code    18  usbd_conf.o(i.USBD_LL_Start)
    USBD_LL_Suspend                          0x08002805   Thumb Code    18  usbd_core.o(i.USBD_LL_Suspend)
    USBD_LL_Transmit                         0x08002817   Thumb Code    18  usbd_conf.o(i.USBD_LL_Transmit)
    USBD_ParseSetupRequest                   0x08002829   Thumb Code    40  usbd_ctlreq.o(i.USBD_ParseSetupRequest)
    USBD_RegisterClass                       0x08002851   Thumb Code    16  usbd_core.o(i.USBD_RegisterClass)
    USBD_SetClassConfig                      0x08002861   Thumb Code    22  usbd_core.o(i.USBD_SetClassConfig)
    USBD_Start                               0x080028fd   Thumb Code    10  usbd_core.o(i.USBD_Start)
    USBD_StdDevReq                           0x08002907   Thumb Code   274  usbd_ctlreq.o(i.USBD_StdDevReq)
    USBD_StdEPReq                            0x08002a19   Thumb Code   336  usbd_ctlreq.o(i.USBD_StdEPReq)
    USBD_StdItfReq                           0x08002b69   Thumb Code    78  usbd_ctlreq.o(i.USBD_StdItfReq)
    USBD_static_free                         0x08002bb7   Thumb Code     2  usbd_conf.o(i.USBD_static_free)
    USBD_static_malloc                       0x08002bb9   Thumb Code     4  usbd_conf.o(i.USBD_static_malloc)
    USB_ActivateEndpoint                     0x08002bc1   Thumb Code   614  stm32f1xx_ll_usb.o(i.USB_ActivateEndpoint)
    USB_CoreInit                             0x08002e27   Thumb Code     4  stm32f1xx_ll_usb.o(i.USB_CoreInit)
    USB_DeactivateEndpoint                   0x08002e2b   Thumb Code   270  stm32f1xx_ll_usb.o(i.USB_DeactivateEndpoint)
    USB_DevConnect                           0x08002f39   Thumb Code     4  stm32f1xx_ll_usb.o(i.USB_DevConnect)
    USB_DevDisconnect                        0x08002f3d   Thumb Code     4  stm32f1xx_ll_usb.o(i.USB_DevDisconnect)
    USB_DevInit                              0x08002f41   Thumb Code    30  stm32f1xx_ll_usb.o(i.USB_DevInit)
    USB_DisableGlobalInt                     0x08002f5f   Thumb Code    14  stm32f1xx_ll_usb.o(i.USB_DisableGlobalInt)
    USB_EP0_OutStart                         0x08002f6d   Thumb Code     4  stm32f1xx_ll_usb.o(i.USB_EP0_OutStart)
    USB_EPClearStall                         0x08002f71   Thumb Code   120  stm32f1xx_ll_usb.o(i.USB_EPClearStall)
    USB_EPSetStall                           0x08002fe9   Thumb Code    50  stm32f1xx_ll_usb.o(i.USB_EPSetStall)
    USB_EPStartXfer                          0x0800301b   Thumb Code   412  stm32f1xx_ll_usb.o(i.USB_EPStartXfer)
    USB_EnableGlobalInt                      0x080031b7   Thumb Code    14  stm32f1xx_ll_usb.o(i.USB_EnableGlobalInt)
    USB_LP_CAN1_RX0_IRQHandler               0x080031c5   Thumb Code     6  stm32f1xx_it.o(i.USB_LP_CAN1_RX0_IRQHandler)
    USB_ReadInterrupts                       0x080031d1   Thumb Code     6  stm32f1xx_ll_usb.o(i.USB_ReadInterrupts)
    USB_ReadPMA                              0x080031d9   Thumb Code    44  stm32f1xx_ll_usb.o(i.USB_ReadPMA)
    USB_SetCurrentMode                       0x08003205   Thumb Code     4  stm32f1xx_ll_usb.o(i.USB_SetCurrentMode)
    USB_SetDevAddress                        0x08003209   Thumb Code    12  stm32f1xx_ll_usb.o(i.USB_SetDevAddress)
    USB_WritePMA                             0x08003215   Thumb Code    38  stm32f1xx_ll_usb.o(i.USB_WritePMA)
    UsageFault_Handler                       0x0800323b   Thumb Code     2  stm32f1xx_it.o(i.UsageFault_Handler)
    __0printf$1                              0x0800323d   Thumb Code    22  printf1.o(i.__0printf$1)
    __1printf$1                              0x0800323d   Thumb Code     0  printf1.o(i.__0printf$1)
    __2printf                                0x0800323d   Thumb Code     0  printf1.o(i.__0printf$1)
    __scatterload_copy                       0x0800327d   Thumb Code    14  handlers.o(i.__scatterload_copy)
    __scatterload_null                       0x0800328b   Thumb Code     2  handlers.o(i.__scatterload_null)
    __scatterload_zeroinit                   0x0800328d   Thumb Code    14  handlers.o(i.__scatterload_zeroinit)
    fputc                                    0x080033f1   Thumb Code    18  kbd_serial.o(i.fputc)
    main                                     0x08003409   Thumb Code    48  main.o(i.main)
    pinDown                                  0x08003439   Thumb Code     8  kbd_func.o(i.pinDown)
    pinRead                                  0x08003441   Thumb Code     6  kbd_func.o(i.pinRead)
    pinUp                                    0x08003447   Thumb Code     8  kbd_func.o(i.pinUp)
    report_keyword                           0x08003451   Thumb Code   102  kbd_serial.o(i.report_keyword)
    report_map                               0x08003501   Thumb Code   216  kbd_serial.o(i.report_map)
    report_rm                                0x0800364d   Thumb Code    36  kbd_serial.o(i.report_rm)
    AHBPrescTable                            0x08003684   Data          16  system_stm32f1xx.o(.constdata)
    APBPrescTable                            0x08003694   Data           8  system_stm32f1xx.o(.constdata)
    Region$$Table$$Base                      0x0800369c   Number         0  anon$$obj.o(Region$$Table)
    Region$$Table$$Limit                     0x080036bc   Number         0  anon$$obj.o(Region$$Table)
    map_key_phy                              0x20000000   Data         208  kbd_info.o(.data)
    kbd_map_keyword_akey                     0x200000d0   Data          20  kbd_info.o(.data)
    kbd_map_keyword_skey                     0x200000e4   Data          20  kbd_info.o(.data)
    kbd_map_akey                             0x200000f8   Data          25  kbd_info.o(.data)
    kbd_map_fkey                             0x20000111   Data           3  kbd_info.o(.data)
    kbd_map_skey                             0x20000114   Data           3  kbd_info.o(.data)
    kbd_report                               0x20000117   Data           8  kbd_report.o(.data)
    checkpoint_change                        0x20000120   Data           1  kbd_scan.o(.data)
    ans                                      0x20000124   Data           4  kbd_scan.o(.data)
    FS_Desc                                  0x20000128   Data          28  usbd_desc.o(.data)
    USBD_LangIDDesc                          0x20000144   Data           4  usbd_desc.o(.data)
    USBD_FS_DeviceDesc                       0x20000148   Data          18  usbd_desc.o(.data)
    USBD_StringSerial                        0x2000015c   Data          26  usbd_desc.o(.data)
    uwTickFreq                               0x20000178   Data           1  stm32f1xx_hal.o(.data)
    uwTickPrio                               0x2000017c   Data           4  stm32f1xx_hal.o(.data)
    uwTick                                   0x20000180   Data           4  stm32f1xx_hal.o(.data)
    SystemCoreClock                          0x20000184   Data           4  system_stm32f1xx.o(.data)
    USBD_HID                                 0x2000018c   Data          56  usbd_hid.o(.data)
    __stdout                                 0x20000288   Data           4  stdout.o(.data)
    kbd_ans                                  0x2000028c   Data         259  kbd_scan.o(.bss)
    htim1                                    0x20000390   Data          64  tim.o(.bss)
    htim2                                    0x200003d0   Data          64  tim.o(.bss)
    htim3                                    0x20000410   Data          64  tim.o(.bss)
    huart1                                   0x20000450   Data          64  usart.o(.bss)
    hUsbDeviceFS                             0x20000490   Data         708  usb_device.o(.bss)
    hpcd_USB_FS                              0x20000768   Data         620  usbd_conf.o(.bss)
    USBD_StrDesc                             0x200009d4   Data         512  usbd_desc.o(.bss)
    __initial_sp                             0x20000fd8   Data           0  startup_stm32f103xb.o(STACK)



==============================================================================

Memory Map of the image

  Image Entry point : 0x080000ed

  Load Region LR_IROM1 (Base: 0x08000000, Size: 0x00003948, Max: 0x00010000, ABSOLUTE, COMPRESSED[0x000037dc])

    Execution Region ER_IROM1 (Exec base: 0x08000000, Load base: 0x08000000, Size: 0x000036bc, Max: 0x00010000, ABSOLUTE)

    Exec Addr    Load Addr    Size         Type   Attr      Idx    E Section Name        Object

    0x08000000   0x08000000   0x000000ec   Data   RO            3    RESET               startup_stm32f103xb.o
    0x080000ec   0x080000ec   0x00000000   Code   RO         4194  * .ARM.Collect$$$$00000000  mc_w.l(entry.o)
    0x080000ec   0x080000ec   0x00000004   Code   RO         4466    .ARM.Collect$$$$00000001  mc_w.l(entry2.o)
    0x080000f0   0x080000f0   0x00000004   Code   RO         4469    .ARM.Collect$$$$00000004  mc_w.l(entry5.o)
    0x080000f4   0x080000f4   0x00000000   Code   RO         4471    .ARM.Collect$$$$00000008  mc_w.l(entry7b.o)
    0x080000f4   0x080000f4   0x00000000   Code   RO         4473    .ARM.Collect$$$$0000000A  mc_w.l(entry8b.o)
    0x080000f4   0x080000f4   0x00000008   Code   RO         4474    .ARM.Collect$$$$0000000B  mc_w.l(entry9a.o)
    0x080000fc   0x080000fc   0x00000000   Code   RO         4476    .ARM.Collect$$$$0000000D  mc_w.l(entry10a.o)
    0x080000fc   0x080000fc   0x00000000   Code   RO         4478    .ARM.Collect$$$$0000000F  mc_w.l(entry11a.o)
    0x080000fc   0x080000fc   0x00000004   Code   RO         4467    .ARM.Collect$$$$00002712  mc_w.l(entry2.o)
    0x08000100   0x08000100   0x00000024   Code   RO            4    .text               startup_stm32f103xb.o
    0x08000124   0x08000124   0x00000024   Code   RO         4199    .text               mc_w.l(memcpya.o)
    0x08000148   0x08000148   0x00000024   Code   RO         4201    .text               mc_w.l(memseta.o)
    0x0800016c   0x0800016c   0x0000002c   Code   RO         4481    .text               mc_w.l(uidiv.o)
    0x08000198   0x08000198   0x00000024   Code   RO         4496    .text               mc_w.l(init.o)
    0x080001bc   0x080001bc   0x00000056   Code   RO         4512    .text               mc_w.l(__dczerorl2.o)
    0x08000212   0x08000212   0x00000002   Code   RO          994    i.BusFault_Handler  stm32f1xx_it.o
    0x08000214   0x08000214   0x00000002   Code   RO          995    i.DebugMon_Handler  stm32f1xx_it.o
    0x08000216   0x08000216   0x00000002   Code   RO          499    i.Error_Handler     main.o
    0x08000218   0x08000218   0x00000024   Code   RO         1597    i.HAL_Delay         stm32f1xx_hal.o
    0x0800023c   0x0800023c   0x000001e0   Code   RO         1905    i.HAL_GPIO_Init     stm32f1xx_hal_gpio.o
    0x0800041c   0x0800041c   0x0000000a   Code   RO         1907    i.HAL_GPIO_ReadPin  stm32f1xx_hal_gpio.o
    0x08000426   0x08000426   0x0000000a   Code   RO         1909    i.HAL_GPIO_WritePin  stm32f1xx_hal_gpio.o
    0x08000430   0x08000430   0x0000000c   Code   RO         1601    i.HAL_GetTick       stm32f1xx_hal.o
    0x0800043c   0x0800043c   0x00000010   Code   RO         1607    i.HAL_IncTick       stm32f1xx_hal.o
    0x0800044c   0x0800044c   0x00000024   Code   RO         1608    i.HAL_Init          stm32f1xx_hal.o
    0x08000470   0x08000470   0x00000040   Code   RO         1609    i.HAL_InitTick      stm32f1xx_hal.o
    0x080004b0   0x080004b0   0x0000003c   Code   RO         1076    i.HAL_MspInit       stm32f1xx_hal_msp.o
    0x080004ec   0x080004ec   0x0000001a   Code   RO         2065    i.HAL_NVIC_EnableIRQ  stm32f1xx_hal_cortex.o
    0x08000506   0x08000506   0x00000002   PAD
    0x08000508   0x08000508   0x00000040   Code   RO         2071    i.HAL_NVIC_SetPriority  stm32f1xx_hal_cortex.o
    0x08000548   0x08000548   0x00000024   Code   RO         2072    i.HAL_NVIC_SetPriorityGrouping  stm32f1xx_hal_cortex.o
    0x0800056c   0x0800056c   0x00000034   Code   RO         1353    i.HAL_PCDEx_PMAConfig  stm32f1xx_hal_pcd_ex.o
    0x080005a0   0x080005a0   0x00000002   Code   RO          696    i.HAL_PCDEx_SetConnectionState  usbd_conf.o
    0x080005a2   0x080005a2   0x0000000e   Code   RO          698    i.HAL_PCD_DataInStageCallback  usbd_conf.o
    0x080005b0   0x080005b0   0x00000010   Code   RO          699    i.HAL_PCD_DataOutStageCallback  usbd_conf.o
    0x080005c0   0x080005c0   0x00000048   Code   RO         1145    i.HAL_PCD_EP_Close  stm32f1xx_hal_pcd.o
    0x08000608   0x08000608   0x00000058   Code   RO         1146    i.HAL_PCD_EP_ClrStall  stm32f1xx_hal_pcd.o
    0x08000660   0x08000660   0x0000005c   Code   RO         1149    i.HAL_PCD_EP_Open   stm32f1xx_hal_pcd.o
    0x080006bc   0x080006bc   0x0000002e   Code   RO         1150    i.HAL_PCD_EP_Receive  stm32f1xx_hal_pcd.o
    0x080006ea   0x080006ea   0x0000006a   Code   RO         1151    i.HAL_PCD_EP_SetStall  stm32f1xx_hal_pcd.o
    0x08000754   0x08000754   0x0000002a   Code   RO         1152    i.HAL_PCD_EP_Transmit  stm32f1xx_hal_pcd.o
    0x0800077e   0x0800077e   0x00000116   Code   RO         1154    i.HAL_PCD_IRQHandler  stm32f1xx_hal_pcd.o
    0x08000894   0x08000894   0x000000d2   Code   RO         1157    i.HAL_PCD_Init      stm32f1xx_hal_pcd.o
    0x08000966   0x08000966   0x00000002   PAD
    0x08000968   0x08000968   0x0000003c   Code   RO          704    i.HAL_PCD_MspInit   usbd_conf.o
    0x080009a4   0x080009a4   0x00000026   Code   RO          705    i.HAL_PCD_ResetCallback  usbd_conf.o
    0x080009ca   0x080009ca   0x00000008   Code   RO          706    i.HAL_PCD_ResumeCallback  usbd_conf.o
    0x080009d2   0x080009d2   0x00000008   Code   RO          707    i.HAL_PCD_SOFCallback  usbd_conf.o
    0x080009da   0x080009da   0x00000028   Code   RO         1163    i.HAL_PCD_SetAddress  stm32f1xx_hal_pcd.o
    0x08000a02   0x08000a02   0x0000000e   Code   RO          708    i.HAL_PCD_SetupStageCallback  usbd_conf.o
    0x08000a10   0x08000a10   0x00000032   Code   RO         1165    i.HAL_PCD_Start     stm32f1xx_hal_pcd.o
    0x08000a42   0x08000a42   0x00000002   PAD
    0x08000a44   0x08000a44   0x00000024   Code   RO          709    i.HAL_PCD_SuspendCallback  usbd_conf.o
    0x08000a68   0x08000a68   0x000000ec   Code   RO         1868    i.HAL_RCCEx_PeriphCLKConfig  stm32f1xx_hal_rcc_ex.o
    0x08000b54   0x08000b54   0x0000012c   Code   RO         1765    i.HAL_RCC_ClockConfig  stm32f1xx_hal_rcc.o
    0x08000c80   0x08000c80   0x00000020   Code   RO         1772    i.HAL_RCC_GetPCLK1Freq  stm32f1xx_hal_rcc.o
    0x08000ca0   0x08000ca0   0x00000020   Code   RO         1773    i.HAL_RCC_GetPCLK2Freq  stm32f1xx_hal_rcc.o
    0x08000cc0   0x08000cc0   0x0000006c   Code   RO         1774    i.HAL_RCC_GetSysClockFreq  stm32f1xx_hal_rcc.o
    0x08000d2c   0x08000d2c   0x00000320   Code   RO         1777    i.HAL_RCC_OscConfig  stm32f1xx_hal_rcc.o
    0x0800104c   0x0800104c   0x00000028   Code   RO         2076    i.HAL_SYSTICK_Config  stm32f1xx_hal_cortex.o
    0x08001074   0x08001074   0x00000042   Code   RO         3260    i.HAL_TIMEx_MasterConfigSynchronization  stm32f1xx_hal_tim_ex.o
    0x080010b6   0x080010b6   0x00000036   Code   RO         2567    i.HAL_TIM_Base_Init  stm32f1xx_hal_tim.o
    0x080010ec   0x080010ec   0x00000058   Code   RO          566    i.HAL_TIM_Base_MspInit  tim.o
    0x08001144   0x08001144   0x000000d6   Code   RO         2576    i.HAL_TIM_ConfigClockSource  stm32f1xx_hal_tim.o
    0x0800121a   0x0800121a   0x00000062   Code   RO         3518    i.HAL_UART_Init     stm32f1xx_hal_uart.o
    0x0800127c   0x0800127c   0x00000070   Code   RO          620    i.HAL_UART_MspInit  usart.o
    0x080012ec   0x080012ec   0x000000ba   Code   RO         3526    i.HAL_UART_Transmit  stm32f1xx_hal_uart.o
    0x080013a6   0x080013a6   0x00000002   Code   RO          996    i.HardFault_Handler  stm32f1xx_it.o
    0x080013a8   0x080013a8   0x00000038   Code   RO          908    i.IntToUnicode      usbd_desc.o
    0x080013e0   0x080013e0   0x0000002c   Code   RO          205    i.KBD_REPORT_INIT   kbd_report.o
    0x0800140c   0x0800140c   0x00000088   Code   RO          207    i.KBD_REPORT_MAKE   kbd_report.o
    0x08001494   0x08001494   0x000000cc   Code   RO          284    i.KBD_SCAN_AKEY     kbd_scan.o
    0x08001560   0x08001560   0x00000064   Code   RO          285    i.KBD_SCAN_ANS      kbd_scan.o
    0x080015c4   0x080015c4   0x00000044   Code   RO          286    i.KBD_SCAN_ANS_INIT  kbd_scan.o
    0x08001608   0x08001608   0x0000002c   Code   RO          287    i.KBD_SCAN_ANS_REINIT  kbd_scan.o
    0x08001634   0x08001634   0x000000bc   Code   RO          288    i.KBD_SCAN_FKEY     kbd_scan.o
    0x080016f0   0x080016f0   0x00000034   Code   RO          289    i.KBD_SCAN_MAIN     kbd_scan.o
    0x08001724   0x08001724   0x0000008c   Code   RO          290    i.KBD_SCAN_RMJ      kbd_scan.o
    0x080017b0   0x080017b0   0x000000bc   Code   RO          291    i.KBD_SCAN_SKEY     kbd_scan.o
    0x0800186c   0x0800186c   0x00000010   Code   RO           13    i.KBD_USB_SEND      kbd_func.o
    0x0800187c   0x0800187c   0x00000048   Code   RO          465    i.KBD_USB_SEND_REPORT  kbd_usb.o
    0x080018c4   0x080018c4   0x000000b0   Code   RO          541    i.MX_GPIO_Init      gpio.o
    0x08001974   0x08001974   0x00000064   Code   RO          567    i.MX_TIM1_Init      tim.o
    0x080019d8   0x080019d8   0x00000060   Code   RO          568    i.MX_TIM2_Init      tim.o
    0x08001a38   0x08001a38   0x00000060   Code   RO          569    i.MX_TIM3_Init      tim.o
    0x08001a98   0x08001a98   0x00000038   Code   RO          621    i.MX_USART1_UART_Init  usart.o
    0x08001ad0   0x08001ad0   0x00000040   Code   RO          661    i.MX_USB_DEVICE_Init  usb_device.o
    0x08001b10   0x08001b10   0x00000002   Code   RO          997    i.MemManage_Handler  stm32f1xx_it.o
    0x08001b12   0x08001b12   0x00000002   Code   RO          998    i.NMI_Handler       stm32f1xx_it.o
    0x08001b14   0x08001b14   0x000002c2   Code   RO         1168    i.PCD_EP_ISR_Handler  stm32f1xx_hal_pcd.o
    0x08001dd6   0x08001dd6   0x00000002   Code   RO          999    i.PendSV_Handler    stm32f1xx_it.o
    0x08001dd8   0x08001dd8   0x00000002   Code   RO         1000    i.SVC_Handler       stm32f1xx_it.o
    0x08001dda   0x08001dda   0x00000004   Code   RO         1001    i.SysTick_Handler   stm32f1xx_it.o
    0x08001dde   0x08001dde   0x00000060   Code   RO          500    i.SystemClock_Config  main.o
    0x08001e3e   0x08001e3e   0x00000002   PAD
    0x08001e40   0x08001e40   0x00000048   Code   RO         3820    i.SystemInit        system_stm32f1xx.o
    0x08001e88   0x08001e88   0x0000006c   Code   RO         2655    i.TIM_Base_SetConfig  stm32f1xx_hal_tim.o
    0x08001ef4   0x08001ef4   0x00000014   Code   RO         2666    i.TIM_ETR_SetConfig  stm32f1xx_hal_tim.o
    0x08001f08   0x08001f08   0x00000010   Code   RO         2667    i.TIM_ITRx_SetConfig  stm32f1xx_hal_tim.o
    0x08001f18   0x08001f18   0x00000022   Code   RO         2673    i.TIM_TI1_ConfigInputStage  stm32f1xx_hal_tim.o
    0x08001f3a   0x08001f3a   0x00000024   Code   RO         2675    i.TIM_TI2_ConfigInputStage  stm32f1xx_hal_tim.o
    0x08001f5e   0x08001f5e   0x00000002   PAD
    0x08001f60   0x08001f60   0x000000b8   Code   RO         3544    i.UART_SetConfig    stm32f1xx_hal_uart.o
    0x08002018   0x08002018   0x00000064   Code   RO         3546    i.UART_WaitOnFlagUntilTimeout  stm32f1xx_hal_uart.o
    0x0800207c   0x0800207c   0x0000000e   Code   RO         3857    i.USBD_ClrClassConfig  usbd_core.o
    0x0800208a   0x0800208a   0x00000010   Code   RO         4060    i.USBD_CtlContinueRx  usbd_ioreq.o
    0x0800209a   0x0800209a   0x00000010   Code   RO         4061    i.USBD_CtlContinueSendData  usbd_ioreq.o
    0x080020aa   0x080020aa   0x00000016   Code   RO         3995    i.USBD_CtlError     usbd_ctlreq.o
    0x080020c0   0x080020c0   0x00000016   Code   RO         4063    i.USBD_CtlReceiveStatus  usbd_ioreq.o
    0x080020d6   0x080020d6   0x0000001a   Code   RO         4064    i.USBD_CtlSendData  usbd_ioreq.o
    0x080020f0   0x080020f0   0x00000016   Code   RO         4065    i.USBD_CtlSendStatus  usbd_ioreq.o
    0x08002106   0x08002106   0x00000002   PAD
    0x08002108   0x08002108   0x00000020   Code   RO          909    i.USBD_FS_ConfigStrDescriptor  usbd_desc.o
    0x08002128   0x08002128   0x0000000c   Code   RO          910    i.USBD_FS_DeviceDescriptor  usbd_desc.o
    0x08002134   0x08002134   0x00000024   Code   RO          911    i.USBD_FS_InterfaceStrDescriptor  usbd_desc.o
    0x08002158   0x08002158   0x0000000c   Code   RO          912    i.USBD_FS_LangIDStrDescriptor  usbd_desc.o
    0x08002164   0x08002164   0x00000028   Code   RO          913    i.USBD_FS_ManufacturerStrDescriptor  usbd_desc.o
    0x0800218c   0x0800218c   0x0000002c   Code   RO          914    i.USBD_FS_ProductStrDescriptor  usbd_desc.o
    0x080021b8   0x080021b8   0x00000038   Code   RO          915    i.USBD_FS_SerialStrDescriptor  usbd_desc.o
    0x080021f0   0x080021f0   0x000000e8   Code   RO         3996    i.USBD_GetDescriptor  usbd_ctlreq.o
    0x080022d8   0x080022d8   0x00000048   Code   RO         3997    i.USBD_GetString    usbd_ctlreq.o
    0x08002320   0x08002320   0x00000018   Code   RO          710    i.USBD_Get_USB_Status  usbd_conf.o
    0x08002338   0x08002338   0x0000000c   Code   RO         4120    i.USBD_HID_DataIn   usbd_hid.o
    0x08002344   0x08002344   0x00000020   Code   RO         4121    i.USBD_HID_DeInit   usbd_hid.o
    0x08002364   0x08002364   0x0000000c   Code   RO         4122    i.USBD_HID_GetDeviceQualifierDesc  usbd_hid.o
    0x08002370   0x08002370   0x0000000c   Code   RO         4123    i.USBD_HID_GetFSCfgDesc  usbd_hid.o
    0x0800237c   0x0800237c   0x0000000c   Code   RO         4124    i.USBD_HID_GetHSCfgDesc  usbd_hid.o
    0x08002388   0x08002388   0x0000000c   Code   RO         4125    i.USBD_HID_GetOtherSpeedCfgDesc  usbd_hid.o
    0x08002394   0x08002394   0x0000002a   Code   RO         4127    i.USBD_HID_Init     usbd_hid.o
    0x080023be   0x080023be   0x00000024   Code   RO         4128    i.USBD_HID_SendReport  usbd_hid.o
    0x080023e2   0x080023e2   0x00000002   PAD
    0x080023e4   0x080023e4   0x000000c8   Code   RO         4129    i.USBD_HID_Setup    usbd_hid.o
    0x080024ac   0x080024ac   0x0000002a   Code   RO         3859    i.USBD_Init         usbd_core.o
    0x080024d6   0x080024d6   0x00000012   Code   RO          711    i.USBD_LL_ClearStallEP  usbd_conf.o
    0x080024e8   0x080024e8   0x00000012   Code   RO          712    i.USBD_LL_CloseEP   usbd_conf.o
    0x080024fa   0x080024fa   0x000000c6   Code   RO         3860    i.USBD_LL_DataInStage  usbd_core.o
    0x080025c0   0x080025c0   0x00000082   Code   RO         3861    i.USBD_LL_DataOutStage  usbd_core.o
    0x08002642   0x08002642   0x00000002   PAD
    0x08002644   0x08002644   0x00000068   Code   RO          717    i.USBD_LL_Init      usbd_conf.o
    0x080026ac   0x080026ac   0x0000001c   Code   RO          718    i.USBD_LL_IsStallEP  usbd_conf.o
    0x080026c8   0x080026c8   0x00000018   Code   RO          719    i.USBD_LL_OpenEP    usbd_conf.o
    0x080026e0   0x080026e0   0x00000012   Code   RO          720    i.USBD_LL_PrepareReceive  usbd_conf.o
    0x080026f2   0x080026f2   0x00000050   Code   RO         3866    i.USBD_LL_Reset     usbd_core.o
    0x08002742   0x08002742   0x00000014   Code   RO         3867    i.USBD_LL_Resume    usbd_core.o
    0x08002756   0x08002756   0x00000018   Code   RO         3868    i.USBD_LL_SOF       usbd_core.o
    0x0800276e   0x0800276e   0x00000006   Code   RO         3869    i.USBD_LL_SetSpeed  usbd_core.o
    0x08002774   0x08002774   0x00000012   Code   RO          721    i.USBD_LL_SetUSBAddress  usbd_conf.o
    0x08002786   0x08002786   0x0000005a   Code   RO         3870    i.USBD_LL_SetupStage  usbd_core.o
    0x080027e0   0x080027e0   0x00000012   Code   RO          722    i.USBD_LL_StallEP   usbd_conf.o
    0x080027f2   0x080027f2   0x00000012   Code   RO          723    i.USBD_LL_Start     usbd_conf.o
    0x08002804   0x08002804   0x00000012   Code   RO         3871    i.USBD_LL_Suspend   usbd_core.o
    0x08002816   0x08002816   0x00000012   Code   RO          725    i.USBD_LL_Transmit  usbd_conf.o
    0x08002828   0x08002828   0x00000028   Code   RO         3998    i.USBD_ParseSetupRequest  usbd_ctlreq.o
    0x08002850   0x08002850   0x00000010   Code   RO         3872    i.USBD_RegisterClass  usbd_core.o
    0x08002860   0x08002860   0x00000016   Code   RO         3874    i.USBD_SetClassConfig  usbd_core.o
    0x08002876   0x08002876   0x00000002   PAD
    0x08002878   0x08002878   0x00000084   Code   RO         3999    i.USBD_SetConfig    usbd_ctlreq.o
    0x080028fc   0x080028fc   0x0000000a   Code   RO         3875    i.USBD_Start        usbd_core.o
    0x08002906   0x08002906   0x00000112   Code   RO         4000    i.USBD_StdDevReq    usbd_ctlreq.o
    0x08002a18   0x08002a18   0x00000150   Code   RO         4001    i.USBD_StdEPReq     usbd_ctlreq.o
    0x08002b68   0x08002b68   0x0000004e   Code   RO         4002    i.USBD_StdItfReq    usbd_ctlreq.o
    0x08002bb6   0x08002bb6   0x00000002   Code   RO          726    i.USBD_static_free  usbd_conf.o
    0x08002bb8   0x08002bb8   0x00000008   Code   RO          727    i.USBD_static_malloc  usbd_conf.o
    0x08002bc0   0x08002bc0   0x00000266   Code   RO         1393    i.USB_ActivateEndpoint  stm32f1xx_ll_usb.o
    0x08002e26   0x08002e26   0x00000004   Code   RO         1396    i.USB_CoreInit      stm32f1xx_ll_usb.o
    0x08002e2a   0x08002e2a   0x0000010e   Code   RO         1398    i.USB_DeactivateEndpoint  stm32f1xx_ll_usb.o
    0x08002f38   0x08002f38   0x00000004   Code   RO         1399    i.USB_DevConnect    stm32f1xx_ll_usb.o
    0x08002f3c   0x08002f3c   0x00000004   Code   RO         1400    i.USB_DevDisconnect  stm32f1xx_ll_usb.o
    0x08002f40   0x08002f40   0x0000001e   Code   RO         1401    i.USB_DevInit       stm32f1xx_ll_usb.o
    0x08002f5e   0x08002f5e   0x0000000e   Code   RO         1402    i.USB_DisableGlobalInt  stm32f1xx_ll_usb.o
    0x08002f6c   0x08002f6c   0x00000004   Code   RO         1403    i.USB_EP0_OutStart  stm32f1xx_ll_usb.o
    0x08002f70   0x08002f70   0x00000078   Code   RO         1404    i.USB_EPClearStall  stm32f1xx_ll_usb.o
    0x08002fe8   0x08002fe8   0x00000032   Code   RO         1405    i.USB_EPSetStall    stm32f1xx_ll_usb.o
    0x0800301a   0x0800301a   0x0000019c   Code   RO         1406    i.USB_EPStartXfer   stm32f1xx_ll_usb.o
    0x080031b6   0x080031b6   0x0000000e   Code   RO         1407    i.USB_EnableGlobalInt  stm32f1xx_ll_usb.o
    0x080031c4   0x080031c4   0x0000000c   Code   RO         1002    i.USB_LP_CAN1_RX0_IRQHandler  stm32f1xx_it.o
    0x080031d0   0x080031d0   0x00000006   Code   RO         1414    i.USB_ReadInterrupts  stm32f1xx_ll_usb.o
    0x080031d6   0x080031d6   0x00000002   PAD
    0x080031d8   0x080031d8   0x0000002c   Code   RO         1415    i.USB_ReadPMA       stm32f1xx_ll_usb.o
    0x08003204   0x08003204   0x00000004   Code   RO         1417    i.USB_SetCurrentMode  stm32f1xx_ll_usb.o
    0x08003208   0x08003208   0x0000000c   Code   RO         1418    i.USB_SetDevAddress  stm32f1xx_ll_usb.o
    0x08003214   0x08003214   0x00000026   Code   RO         1421    i.USB_WritePMA      stm32f1xx_ll_usb.o
    0x0800323a   0x0800323a   0x00000002   Code   RO         1003    i.UsageFault_Handler  stm32f1xx_it.o
    0x0800323c   0x0800323c   0x00000020   Code   RO         4250    i.__0printf$1       mc_w.l(printf1.o)
    0x0800325c   0x0800325c   0x00000020   Code   RO         2078    i.__NVIC_SetPriority  stm32f1xx_hal_cortex.o
    0x0800327c   0x0800327c   0x0000000e   Code   RO         4506    i.__scatterload_copy  mc_w.l(handlers.o)
    0x0800328a   0x0800328a   0x00000002   Code   RO         4507    i.__scatterload_null  mc_w.l(handlers.o)
    0x0800328c   0x0800328c   0x0000000e   Code   RO         4508    i.__scatterload_zeroinit  mc_w.l(handlers.o)
    0x0800329a   0x0800329a   0x00000002   PAD
    0x0800329c   0x0800329c   0x00000154   Code   RO         4257    i._printf_core      mc_w.l(printf1.o)
    0x080033f0   0x080033f0   0x00000018   Code   RO          367    i.fputc             kbd_serial.o
    0x08003408   0x08003408   0x00000030   Code   RO          501    i.main              main.o
    0x08003438   0x08003438   0x00000008   Code   RO           14    i.pinDown           kbd_func.o
    0x08003440   0x08003440   0x00000006   Code   RO           15    i.pinRead           kbd_func.o
    0x08003446   0x08003446   0x00000008   Code   RO           16    i.pinUp             kbd_func.o
    0x0800344e   0x0800344e   0x00000002   PAD
    0x08003450   0x08003450   0x000000b0   Code   RO          370    i.report_keyword    kbd_serial.o
    0x08003500   0x08003500   0x0000014c   Code   RO          371    i.report_map        kbd_serial.o
    0x0800364c   0x0800364c   0x00000038   Code   RO          372    i.report_rm         kbd_serial.o
    0x08003684   0x08003684   0x00000010   Data   RO         3821    .constdata          system_stm32f1xx.o
    0x08003694   0x08003694   0x00000008   Data   RO         3822    .constdata          system_stm32f1xx.o
    0x0800369c   0x0800369c   0x00000020   Data   RO         4504    Region$$Table       anon$$obj.o


    Execution Region RW_IRAM1 (Exec base: 0x20000000, Load base: 0x080036bc, Size: 0x00000fd8, Max: 0x00005000, ABSOLUTE, COMPRESSED[0x00000120])

    Exec Addr    Load Addr    Size         Type   Attr      Idx    E Section Name        Object

    0x20000000   COMPRESSED   0x000000d0   Data   RW          175    .data               kbd_info.o
    0x200000d0   COMPRESSED   0x00000014   Data   RW          176    .data               kbd_info.o
    0x200000e4   COMPRESSED   0x00000014   Data   RW          177    .data               kbd_info.o
    0x200000f8   COMPRESSED   0x00000019   Data   RW          179    .data               kbd_info.o
    0x20000111   COMPRESSED   0x00000003   Data   RW          180    .data               kbd_info.o
    0x20000114   COMPRESSED   0x00000003   Data   RW          181    .data               kbd_info.o
    0x20000117   COMPRESSED   0x00000008   Data   RW          210    .data               kbd_report.o
    0x2000011f   COMPRESSED   0x00000001   PAD
    0x20000120   COMPRESSED   0x00000008   Data   RW          294    .data               kbd_scan.o
    0x20000128   COMPRESSED   0x0000001c   Data   RW          917    .data               usbd_desc.o
    0x20000144   COMPRESSED   0x00000032   Data   RW          918    .data               usbd_desc.o
    0x20000176   COMPRESSED   0x00000002   PAD
    0x20000178   COMPRESSED   0x0000000c   Data   RW         1615    .data               stm32f1xx_hal.o
    0x20000184   COMPRESSED   0x00000004   Data   RW         3823    .data               system_stm32f1xx.o
    0x20000188   COMPRESSED   0x00000001   Data   RW         4003    .data               usbd_ctlreq.o
    0x20000189   COMPRESSED   0x00000003   PAD
    0x2000018c   COMPRESSED   0x00000038   Data   RW         4130    .data               usbd_hid.o
    0x200001c4   COMPRESSED   0x000000c3   Data   RW         4131    .data               usbd_hid.o
    0x20000287   COMPRESSED   0x00000001   PAD
    0x20000288   COMPRESSED   0x00000004   Data   RW         4480    .data               mc_w.l(stdout.o)
    0x2000028c        -       0x00000103   Zero   RW          293    .bss                kbd_scan.o
    0x2000038f   COMPRESSED   0x00000001   PAD
    0x20000390        -       0x000000c0   Zero   RW          570    .bss                tim.o
    0x20000450        -       0x00000040   Zero   RW          622    .bss                usart.o
    0x20000490        -       0x000002c4   Zero   RW          662    .bss                usb_device.o
    0x20000754        -       0x00000280   Zero   RW          728    .bss                usbd_conf.o
    0x200009d4        -       0x00000200   Zero   RW          916    .bss                usbd_desc.o
    0x20000bd4   COMPRESSED   0x00000004   PAD
    0x20000bd8        -       0x00000400   Zero   RW            1    STACK               startup_stm32f103xb.o


==============================================================================

Image component sizes


      Code (inc. data)   RO Data    RW Data    ZI Data      Debug   Object Name

       176         12          0          0          0        915   gpio.o
        38          6          0          0          0     445090   kbd_func.o
         0          0          0        279          0       4320   kbd_info.o
       180         38          0          8          0       1958   kbd_report.o
       984        274          0          8        259       5301   kbd_scan.o
       588        216          0          0          0       2745   kbd_serial.o
        72         38          0          0          0        470   kbd_usb.o
       146          0          0          0          0       1856   main.o
        36          8        236          0       1024        800   startup_stm32f103xb.o
       164         28          0         12          0       5881   stm32f1xx_hal.o
       198         14          0          0          0      28935   stm32f1xx_hal_cortex.o
       500         34          0          0          0       3511   stm32f1xx_hal_gpio.o
        60          8          0          0          0        842   stm32f1xx_hal_msp.o
      1730          0          0          0          0       9717   stm32f1xx_hal_pcd.o
        52          0          0          0          0       1174   stm32f1xx_hal_pcd_ex.o
      1272        100          0          0          0       5188   stm32f1xx_hal_rcc.o
       236         12          0          0          0       1380   stm32f1xx_hal_rcc_ex.o
       482         14          0          0          0       5923   stm32f1xx_hal_tim.o
        66          0          0          0          0       1304   stm32f1xx_hal_tim_ex.o
       568          6          0          0          0       3916   stm32f1xx_hal_uart.o
        32          6          0          0          0       4223   stm32f1xx_it.o
      1644          0          0          0          0      14533   stm32f1xx_ll_usb.o
        72         16         24          4          0       1151   system_stm32f1xx.o
       380         38          0          0        192       2884   tim.o
       168         20          0          0         64       1634   usart.o
        64         12          0          0        708        744   usb_device.o
       512         30          0          0        640      12897   usbd_conf.o
       670          0          0          0          0       9451   usbd_core.o
      1186         28          0          1          0       7904   usbd_ctlreq.o
       288        104          0         78        512       5641   usbd_desc.o
       370         20          0        251          0       7833   usbd_hid.o
       102          0          0          0          0       3644   usbd_ioreq.o

    ----------------------------------------------------------------------
     13058       1082        292        648       3404     603765   Object Totals
         0          0         32          0          0          0   (incl. Generated)
        22          0          0          7          5          0   (incl. Padding)

    ----------------------------------------------------------------------

      Code (inc. data)   RO Data    RW Data    ZI Data      Debug   Library Member Name

        86          0          0          0          0          0   __dczerorl2.o
         0          0          0          0          0          0   entry.o
         0          0          0          0          0          0   entry10a.o
         0          0          0          0          0          0   entry11a.o
         8          4          0          0          0          0   entry2.o
         4          0          0          0          0          0   entry5.o
         0          0          0          0          0          0   entry7b.o
         0          0          0          0          0          0   entry8b.o
         8          4          0          0          0          0   entry9a.o
        30          0          0          0          0          0   handlers.o
        36          8          0          0          0         68   init.o
        36          0          0          0          0         68   memcpya.o
        36          0          0          0          0        108   memseta.o
       372         14          0          0          0        184   printf1.o
         0          0          0          4          0          0   stdout.o
        44          0          0          0          0         80   uidiv.o

    ----------------------------------------------------------------------
       662         30          0          4          0        508   Library Totals
         2          0          0          0          0          0   (incl. Padding)

    ----------------------------------------------------------------------

      Code (inc. data)   RO Data    RW Data    ZI Data      Debug   Library Name

       660         30          0          4          0        508   mc_w.l

    ----------------------------------------------------------------------
       662         30          0          4          0        508   Library Totals

    ----------------------------------------------------------------------

==============================================================================


      Code (inc. data)   RO Data    RW Data    ZI Data      Debug   

     13720       1112        292        652       3404     595925   Grand Totals
     13720       1112        292        288       3404     595925   ELF Image Totals (compressed)
     13720       1112        292        288          0          0   ROM Totals

==============================================================================

    Total RO  Size (Code + RO Data)                14012 (  13.68kB)
    Total RW  Size (RW Data + ZI Data)              4056 (   3.96kB)
    Total ROM Size (Code + RO Data + RW Data)      14300 (  13.96kB)

==============================================================================

