<html>
<body>
<pre>
<h1>µVision Build Log</h1>
<h2>Tool Versions:</h2>
IDE-Version: ¦ÌVision V5.30.0.0
Copyright (C) 2020 ARM Ltd and ARM Germany GmbH. All rights reserved.
License Information: 21 141, 123124, LIC=BUUGK-ZZSGK-LCHJF-6IBVD-2LW2T-JAC31
 
Tool Versions:
Toolchain:       MDK-ARM Plus  Version: 5.30.0.0
Toolchain Path:  D:\Keil\ARM\ARMCC\Bin
C Compiler:      Armcc.exe V5.06 update 6 (build 750)
Assembler:       Armasm.exe V5.06 update 6 (build 750)
Linker/Locator:  ArmLink.exe V5.06 update 6 (build 750)
Library Manager: ArmAr.exe V5.06 update 6 (build 750)
Hex Converter:   FromElf.exe V5.06 update 6 (build 750)
CPU DLL:         SARMCM3.DLL V5.30.0.0
Dialog DLL:      DCM.DLL V1.17.3.0
Target DLL:      STLink\ST-LINKIII-KEIL_SWO.dll V3.0.7.0
Dialog DLL:      TCM.DLL V1.42.0.0
 
<h2>Project:</h2>
C:\Users\ztdey\Desktop\Ghost_stm32_v0.1\Ghost_stm32_v0.1\MDK-ARM\Ghost_stm32_v0.1.uvprojx
Project File Date:  06/20/2020

<h2>Output:</h2>
*** Using Compiler 'V5.06 update 6 (build 750)', folder: 'D:\Keil\ARM\ARMCC\Bin'
Build target 'Ghost_stm32_v0.1'
compiling kbd_scan.c...
../Inc/kbd_func.h(33): warning:  #1-D: last line of file ends without a newline
  #endif
../Inc/kbd_scan.h(21): warning:  #1295-D: Deprecated declaration KBD_ANS_INIT - give arg types
  void KBD_ANS_INIT();
../Inc/kbd_scan.h(23): warning:  #1295-D: Deprecated declaration KBD_SCAN_MAIN - give arg types
  void KBD_SCAN_MAIN();
../Inc/kbd_scan.h(25): warning:  #1295-D: Deprecated declaration test - give arg types
  void test();
../Inc/kbd_scan.h(27): warning:  #1295-D: Deprecated declaration test_free - give arg types
  void test_free();
../Inc/kbd_scan.h(29): warning:  #1295-D: Deprecated declaration KBD_SCAN_RMJ - give arg types
  void KBD_SCAN_RMJ();
../Inc/kbd_scan.h(33): warning:  #1-D: last line of file ends without a newline
  #endif 
..\Src\kbd_scan.c(118): warning:  #1-D: last line of file ends without a newline
  }
..\Src\kbd_scan.c: 8 warnings, 0 errors
linking...
Program Size: Code=6072 RO-data=292 RW-data=232 ZI-data=1416  
FromELF: creating hex file...
"Ghost_stm32_v0.1\Ghost_stm32_v0.1" - 0 Error(s), 8 Warning(s).

<h2>Software Packages used:</h2>

Package Vendor: ARM
                http://www.keil.com/pack/ARM.CMSIS.5.7.0.pack
                ARM.CMSIS.5.7.0
                CMSIS (Cortex Microcontroller Software Interface Standard)
   * Component: CORE Version: 5.4.0

Package Vendor: Keil
                http://www.keil.com/pack/Keil.STM32F1xx_DFP.2.3.0.pack
                Keil.STM32F1xx_DFP.2.3.0
                STMicroelectronics STM32F1 Series Device Support, Drivers and Examples

<h2>Collection of Component include folders:</h2>
  .\RTE\_Ghost_stm32_v0.1
  D:\Keil\ARM\PACK\ARM\CMSIS\5.7.0\CMSIS\Core\Include
  D:\Keil\ARM\PACK\Keil\STM32F1xx_DFP\2.3.0\Device\Include

<h2>Collection of Component Files used:</h2>

   * Component: ARM::CMSIS:CORE:5.4.0
Build Time Elapsed:  00:00:02
</pre>
</body>
</html>
