<html>
<body>
<pre>
<h1>µVision Build Log</h1>
<h2>Tool Versions:</h2>
IDE-Version: ¦ÌVision V5.30.0.0
Copyright (C) 2020 ARM Ltd and ARM Germany GmbH. All rights reserved.
License Information: John smith, H.t Stuidos, LIC=QF8SB-2VX83-G7HR6-D0YM5-SU4X9-8P4GK
 
Tool Versions:
Toolchain:       MDK-ARM Plus  Version: 5.30.0.0
Toolchain Path:  C:\Keil_v5\ARM\ARMCC\Bin
C Compiler:      Armcc.exe V5.06 update 6 (build 750)
Assembler:       Armasm.exe V5.06 update 6 (build 750)
Linker/Locator:  ArmLink.exe V5.06 update 6 (build 750)
Library Manager: ArmAr.exe V5.06 update 6 (build 750)
Hex Converter:   FromElf.exe V5.06 update 6 (build 750)
CPU DLL:         SARMCM3.DLL V5.30.0.0
Dialog DLL:      DCM.DLL V1.17.3.0
Target DLL:      STLink\ST-LINKIII-KEIL_SWO.dll V3.0.7.0
Dialog DLL:      TCM.DLL V1.42.0.0
 
<h2>Project:</h2>
G:\Keyboard\Code\Ghost_stm32_v0.1\Ghost_stm32_v0.1\MDK-ARM\Ghost_stm32_v0.1.uvprojx
Project File Date:  06/24/2020

<h2>Output:</h2>
*** Using Compiler 'V5.06 update 6 (build 750)', folder: 'C:\Keil_v5\ARM\ARMCC\Bin'
Rebuild target 'Ghost_stm32_v0.1'
assembling startup_stm32f103xb.s...
compiling tim.c...
compiling kbd_serial.c...
../Inc/kbd_serial.h(31): warning:  #1295-D: Deprecated declaration report_keyword - give arg types
  void report_keyword();
..\Src\kbd_serial.c(54): warning:  #940-D: missing return statement at end of non-void function "fputc" 
  }
..\Src\kbd_serial.c(73): warning:  #1-D: last line of file ends without a newline
  }
..\Src\kbd_serial.c(60): warning:  #177-D: variable "index"  was declared but never referenced
      uint8_t index;
..\Src\kbd_serial.c: 4 warnings, 0 errors
compiling stm32f1xx_it.c...
compiling gpio.c...
compiling usart.c...
compiling main.c...
../Inc/kbd_serial.h(31): warning:  #1295-D: Deprecated declaration report_keyword - give arg types
  void report_keyword();
../Inc/kbd_report.h(23): warning:  #1295-D: Deprecated declaration KBD_REPORT_USB_INIT - give arg types
  void KBD_REPORT_USB_INIT();
../Inc/kbd_report.h(25): warning:  #1295-D: Deprecated declaration KBD_REPORT_MAKE - give arg types
  void KBD_REPORT_MAKE();
../Inc/kbd_report.h(29): warning:  #1-D: last line of file ends without a newline
  #endif
../Inc/kbd_func.h(33): warning:  #1-D: last line of file ends without a newline
  #endif
../Inc/kbd_scan.h(25): warning:  #1295-D: Deprecated declaration KBD_ANS_INIT - give arg types
  void KBD_ANS_INIT();
../Inc/kbd_scan.h(27): warning:  #1295-D: Deprecated declaration KBD_SCAN_MAIN - give arg types
  void KBD_SCAN_MAIN();
../Inc/kbd_scan.h(29): warning:  #1295-D: Deprecated declaration test - give arg types
  void test();
../Inc/kbd_scan.h(31): warning:  #1295-D: Deprecated declaration test_free - give arg types
  void test_free();
../Inc/kbd_scan.h(33): warning:  #1295-D: Deprecated declaration KBD_SCAN_RMJ - give arg types
  void KBD_SCAN_RMJ();
../Inc/kbd_scan.h(37): warning:  #1-D: last line of file ends without a newline
  #endif 
../Src/main.c: 11 warnings, 0 errors
compiling kbd_scan.c...
../Inc/kbd_serial.h(31): warning:  #1295-D: Deprecated declaration report_keyword - give arg types
  void report_keyword();
../Inc/kbd_report.h(23): warning:  #1295-D: Deprecated declaration KBD_REPORT_USB_INIT - give arg types
  void KBD_REPORT_USB_INIT();
../Inc/kbd_report.h(25): warning:  #1295-D: Deprecated declaration KBD_REPORT_MAKE - give arg types
  void KBD_REPORT_MAKE();
../Inc/kbd_report.h(29): warning:  #1-D: last line of file ends without a newline
  #endif
../Inc/kbd_func.h(33): warning:  #1-D: last line of file ends without a newline
  #endif
../Inc/kbd_scan.h(25): warning:  #1295-D: Deprecated declaration KBD_ANS_INIT - give arg types
  void KBD_ANS_INIT();
../Inc/kbd_scan.h(27): warning:  #1295-D: Deprecated declaration KBD_SCAN_MAIN - give arg types
  void KBD_SCAN_MAIN();
../Inc/kbd_scan.h(29): warning:  #1295-D: Deprecated declaration test - give arg types
  void test();
../Inc/kbd_scan.h(31): warning:  #1295-D: Deprecated declaration test_free - give arg types
  void test_free();
../Inc/kbd_scan.h(33): warning:  #1295-D: Deprecated declaration KBD_SCAN_RMJ - give arg types
  void KBD_SCAN_RMJ();
../Inc/kbd_scan.h(37): warning:  #1-D: last line of file ends without a newline
  #endif 
..\Src\kbd_scan.c(108): warning:  #1-D: last line of file ends without a newline
  }
..\Src\kbd_scan.c: 12 warnings, 0 errors
compiling stm32f1xx_hal_gpio_ex.c...
compiling kbd_info.c...
compiling stm32f1xx_hal_msp.c...
compiling kbd_func.c...
../Inc/kbd_func.h(33): warning:  #1-D: last line of file ends without a newline
  #endif
..\Src\kbd_func.c(11): warning:  #188-D: enumerated type mixed with another type
      HAL_GPIO_WritePin(gpio.gpio_group,gpio.gpio_pin,1);
..\Src\kbd_func.c(16): warning:  #188-D: enumerated type mixed with another type
      HAL_GPIO_WritePin(gpio.gpio_group,gpio.gpio_pin,0);
..\Src\kbd_func.c: 3 warnings, 0 errors
compiling kbd_report.c...
../Inc/kbd_serial.h(31): warning:  #1295-D: Deprecated declaration report_keyword - give arg types
  void report_keyword();
../Inc/kbd_report.h(29): warning:  #1-D: last line of file ends without a newline
  #endif
../Inc/kbd_func.h(33): warning:  #1-D: last line of file ends without a newline
  #endif
../Inc/kbd_scan.h(25): warning:  #1295-D: Deprecated declaration KBD_ANS_INIT - give arg types
  void KBD_ANS_INIT();
../Inc/kbd_scan.h(27): warning:  #1295-D: Deprecated declaration KBD_SCAN_MAIN - give arg types
  void KBD_SCAN_MAIN();
../Inc/kbd_scan.h(29): warning:  #1295-D: Deprecated declaration test - give arg types
  void test();
../Inc/kbd_scan.h(31): warning:  #1295-D: Deprecated declaration test_free - give arg types
  void test_free();
../Inc/kbd_scan.h(33): warning:  #1295-D: Deprecated declaration KBD_SCAN_RMJ - give arg types
  void KBD_SCAN_RMJ();
../Inc/kbd_scan.h(37): warning:  #1-D: last line of file ends without a newline
  #endif 
../Inc/kbd_report.h(23): warning:  #1295-D: Deprecated declaration KBD_REPORT_USB_INIT - give arg types
  void KBD_REPORT_USB_INIT();
../Inc/kbd_report.h(25): warning:  #1295-D: Deprecated declaration KBD_REPORT_MAKE - give arg types
  void KBD_REPORT_MAKE();
../Inc/kbd_report.h(29): warning:  #1-D: last line of file ends without a newline
  #endif
..\Src\kbd_report.c(29): warning:  #1-D: last line of file ends without a newline
  }
..\Src\kbd_report.c: 13 warnings, 0 errors
compiling stm32f1xx_hal_tim_ex.c...
compiling stm32f1xx_hal_tim.c...
compiling stm32f1xx_hal_gpio.c...
compiling stm32f1xx_hal.c...
compiling stm32f1xx_hal_rcc.c...
compiling stm32f1xx_hal_rcc_ex.c...
compiling stm32f1xx_hal_cortex.c...
compiling stm32f1xx_hal_pwr.c...
compiling stm32f1xx_hal_dma.c...
compiling stm32f1xx_hal_exti.c...
compiling stm32f1xx_hal_flash.c...
compiling system_stm32f1xx.c...
compiling stm32f1xx_hal_flash_ex.c...
compiling stm32f1xx_hal_uart.c...
linking...
Program Size: Code=6676 RO-data=292 RW-data=264 ZI-data=1416  
FromELF: creating hex file...
"Ghost_stm32_v0.1\Ghost_stm32_v0.1" - 0 Error(s), 43 Warning(s).

<h2>Software Packages used:</h2>

Package Vendor: ARM
                http://www.keil.com/pack/ARM.CMSIS.5.7.0.pack
                ARM.CMSIS.5.7.0
                CMSIS (Cortex Microcontroller Software Interface Standard)
   * Component: CORE Version: 5.4.0

Package Vendor: Keil
                http://www.keil.com/pack/Keil.STM32F1xx_DFP.2.3.0.pack
                Keil.STM32F1xx_DFP.2.3.0
                STMicroelectronics STM32F1 Series Device Support, Drivers and Examples

<h2>Collection of Component include folders:</h2>
  .\RTE\_Ghost_stm32_v0.1
  C:\Users\ztdey\AppData\Local\Arm\Packs\ARM\CMSIS\5.7.0\CMSIS\Core\Include
  C:\Users\ztdey\AppData\Local\Arm\Packs\Keil\STM32F1xx_DFP\2.3.0\Device\Include

<h2>Collection of Component Files used:</h2>

   * Component: ARM::CMSIS:CORE:5.4.0
Build Time Elapsed:  00:00:10
</pre>
</body>
</html>
